Component: ARM Compiler 6.14.1 Tool: armlink [5db06d00]

==============================================================================

Section Cross References

    main.o(.text.main) refers to transformfunctions.o(.text.arm_cfft_radix4_init_f32) for arm_cfft_radix4_init_f32
    main.o(.text.main) refers to main.o(.data.firCoeffs32LP) for firCoeffs32LP
    main.o(.text.main) refers to filteringfunctions.o(.text.arm_fir_init_f32) for arm_fir_init_f32
    main.o(.text.main) refers to led_v2m-mps2.o(.text.LED_Initialize) for LED_Initialize
    main.o(.text.main) refers to led_v2m-mps2.o(.text.LED_On) for LED_On
    main.o(.text.main) refers to main.o(.bss.data_buffer) for data_buffer
    main.o(.text.main) refers to main.o(.bss.fft_buffer_in) for fft_buffer_in
    main.o(.text.main) refers to main.o(.bss.fft_buffer_out) for fft_buffer_out
    main.o(.text.main) refers to fastmathfunctions.o(.text.arm_sin_f32) for arm_sin_f32
    main.o(.text.main) refers to fastmathfunctions.o(.text.arm_cos_f32) for arm_cos_f32
    main.o(.text.main) refers to transformfunctions.o(.text.arm_cfft_radix4_f32) for arm_cfft_radix4_f32
    main.o(.text.main) refers to rt_memcpy_w.o(.text) for __aeabi_memcpy4
    main.o(.text.main) refers to rt_memclr_w.o(.text) for __aeabi_memclr4
    main.o(.text.main) refers to filteringfunctions.o(.text.arm_fir_f32) for arm_fir_f32
    main.o(.ARM.exidx.text.main) refers to main.o(.text.main) for [Anonymous Symbol]
    led_v2m-mps2.o(.ARM.exidx.text.LED_Initialize) refers to led_v2m-mps2.o(.text.LED_Initialize) for [Anonymous Symbol]
    led_v2m-mps2.o(.ARM.exidx.text.LED_Uninitialize) refers to led_v2m-mps2.o(.text.LED_Uninitialize) for [Anonymous Symbol]
    led_v2m-mps2.o(.ARM.exidx.text.LED_On) refers to led_v2m-mps2.o(.text.LED_On) for [Anonymous Symbol]
    led_v2m-mps2.o(.ARM.exidx.text.LED_Off) refers to led_v2m-mps2.o(.text.LED_Off) for [Anonymous Symbol]
    led_v2m-mps2.o(.ARM.exidx.text.LED_SetOut) refers to led_v2m-mps2.o(.text.LED_SetOut) for [Anonymous Symbol]
    led_v2m-mps2.o(.ARM.exidx.text.LED_GetCount) refers to led_v2m-mps2.o(.text.LED_GetCount) for [Anonymous Symbol]
    basicmathfunctions.o(.ARM.exidx.text.arm_abs_f32) refers to basicmathfunctions.o(.text.arm_abs_f32) for [Anonymous Symbol]
    basicmathfunctions.o(.ARM.exidx.text.arm_abs_f64) refers to basicmathfunctions.o(.text.arm_abs_f64) for [Anonymous Symbol]
    basicmathfunctions.o(.ARM.exidx.text.arm_abs_q15) refers to basicmathfunctions.o(.text.arm_abs_q15) for [Anonymous Symbol]
    basicmathfunctions.o(.ARM.exidx.text.arm_abs_q31) refers to basicmathfunctions.o(.text.arm_abs_q31) for [Anonymous Symbol]
    basicmathfunctions.o(.ARM.exidx.text.arm_abs_q7) refers to basicmathfunctions.o(.text.arm_abs_q7) for [Anonymous Symbol]
    basicmathfunctions.o(.ARM.exidx.text.arm_add_f32) refers to basicmathfunctions.o(.text.arm_add_f32) for [Anonymous Symbol]
    basicmathfunctions.o(.ARM.exidx.text.arm_add_f64) refers to basicmathfunctions.o(.text.arm_add_f64) for [Anonymous Symbol]
    basicmathfunctions.o(.ARM.exidx.text.arm_add_q15) refers to basicmathfunctions.o(.text.arm_add_q15) for [Anonymous Symbol]
    basicmathfunctions.o(.ARM.exidx.text.arm_add_q31) refers to basicmathfunctions.o(.text.arm_add_q31) for [Anonymous Symbol]
    basicmathfunctions.o(.ARM.exidx.text.arm_add_q7) refers to basicmathfunctions.o(.text.arm_add_q7) for [Anonymous Symbol]
    basicmathfunctions.o(.ARM.exidx.text.arm_and_u16) refers to basicmathfunctions.o(.text.arm_and_u16) for [Anonymous Symbol]
    basicmathfunctions.o(.ARM.exidx.text.arm_and_u32) refers to basicmathfunctions.o(.text.arm_and_u32) for [Anonymous Symbol]
    basicmathfunctions.o(.ARM.exidx.text.arm_and_u8) refers to basicmathfunctions.o(.text.arm_and_u8) for [Anonymous Symbol]
    basicmathfunctions.o(.ARM.exidx.text.arm_dot_prod_f32) refers to basicmathfunctions.o(.text.arm_dot_prod_f32) for [Anonymous Symbol]
    basicmathfunctions.o(.ARM.exidx.text.arm_dot_prod_f64) refers to basicmathfunctions.o(.text.arm_dot_prod_f64) for [Anonymous Symbol]
    basicmathfunctions.o(.ARM.exidx.text.arm_dot_prod_q15) refers to basicmathfunctions.o(.text.arm_dot_prod_q15) for [Anonymous Symbol]
    basicmathfunctions.o(.ARM.exidx.text.arm_dot_prod_q31) refers to basicmathfunctions.o(.text.arm_dot_prod_q31) for [Anonymous Symbol]
    basicmathfunctions.o(.ARM.exidx.text.arm_dot_prod_q7) refers to basicmathfunctions.o(.text.arm_dot_prod_q7) for [Anonymous Symbol]
    basicmathfunctions.o(.ARM.exidx.text.arm_mult_f32) refers to basicmathfunctions.o(.text.arm_mult_f32) for [Anonymous Symbol]
    basicmathfunctions.o(.ARM.exidx.text.arm_mult_f64) refers to basicmathfunctions.o(.text.arm_mult_f64) for [Anonymous Symbol]
    basicmathfunctions.o(.ARM.exidx.text.arm_mult_q15) refers to basicmathfunctions.o(.text.arm_mult_q15) for [Anonymous Symbol]
    basicmathfunctions.o(.ARM.exidx.text.arm_mult_q31) refers to basicmathfunctions.o(.text.arm_mult_q31) for [Anonymous Symbol]
[...]
    Removing statisticsfunctions.o(.text.arm_power_f64), (40 bytes).
    Removing statisticsfunctions.o(.ARM.exidx.text.arm_power_f64), (8 bytes).
    Removing statisticsfunctions.o(.text.arm_power_q15), (52 bytes).
    Removing statisticsfunctions.o(.ARM.exidx.text.arm_power_q15), (8 bytes).
    Removing statisticsfunctions.o(.text.arm_power_q31), (60 bytes).
    Removing statisticsfunctions.o(.ARM.exidx.text.arm_power_q31), (8 bytes).
    Removing statisticsfunctions.o(.text.arm_power_q7), (36 bytes).
    Removing statisticsfunctions.o(.ARM.exidx.text.arm_power_q7), (8 bytes).
    Removing statisticsfunctions.o(.text.arm_rms_f32), (80 bytes).
    Removing statisticsfunctions.o(.ARM.exidx.text.arm_rms_f32), (8 bytes).
    Removing statisticsfunctions.o(.text.arm_rms_q15), (66 bytes).
    Removing statisticsfunctions.o(.ARM.exidx.text.arm_rms_q15), (8 bytes).
    Removing statisticsfunctions.o(.text.arm_rms_q31), (70 bytes).
    Removing statisticsfunctions.o(.ARM.exidx.text.arm_rms_q31), (8 bytes).
    Removing statisticsfunctions.o(.text.arm_std_f32), (48 bytes).
    Removing statisticsfunctions.o(.ARM.exidx.text.arm_std_f32), (8 bytes).
    Removing statisticsfunctions.o(.text.arm_var_f32), (108 bytes).
    Removing statisticsfunctions.o(.ARM.exidx.text.arm_var_f32), (8 bytes).
    Removing statisticsfunctions.o(.text.arm_std_f64), (60 bytes).
    Removing statisticsfunctions.o(.ARM.exidx.text.arm_std_f64), (8 bytes).
    Removing statisticsfunctions.o(.text.arm_var_f64), (96 bytes).
    Removing statisticsfunctions.o(.ARM.exidx.text.arm_var_f64), (8 bytes).
    Removing statisticsfunctions.o(.text.arm_std_q15), (100 bytes).
    Removing statisticsfunctions.o(.ARM.exidx.text.arm_std_q15), (8 bytes).
    Removing statisticsfunctions.o(.text.arm_std_q31), (128 bytes).
    Removing statisticsfunctions.o(.ARM.exidx.text.arm_std_q31), (8 bytes).
    Removing statisticsfunctions.o(.text.arm_var_q15), (80 bytes).
    Removing statisticsfunctions.o(.ARM.exidx.text.arm_var_q15), (8 bytes).
    Removing statisticsfunctions.o(.text.arm_var_q31), (118 bytes).
    Removing statisticsfunctions.o(.ARM.exidx.text.arm_var_q31), (8 bytes).
    Removing statisticsfunctions.o(.text.arm_absmax_f32), (82 bytes).
    Removing statisticsfunctions.o(.ARM.exidx.text.arm_absmax_f32), (8 bytes).
    Removing statisticsfunctions.o(.text.arm_absmax_f64), (82 bytes).
    Removing statisticsfunctions.o(.ARM.exidx.text.arm_absmax_f64), (8 bytes).
    Removing statisticsfunctions.o(.text.arm_absmax_q15), (264 bytes).
    Removing statisticsfunctions.o(.ARM.exidx.text.arm_absmax_q15), (8 bytes).
    Removing statisticsfunctions.o(.text.arm_absmax_q31), (210 bytes).
    Removing statisticsfunctions.o(.ARM.exidx.text.arm_absmax_q31), (8 bytes).
    Removing statisticsfunctions.o(.text.arm_absmax_q7), (264 bytes).
    Removing statisticsfunctions.o(.ARM.exidx.text.arm_absmax_q7), (8 bytes).
    Removing statisticsfunctions.o(.text.arm_absmin_f32), (82 bytes).
    Removing statisticsfunctions.o(.ARM.exidx.text.arm_absmin_f32), (8 bytes).
    Removing statisticsfunctions.o(.text.arm_absmin_f64), (82 bytes).
    Removing statisticsfunctions.o(.ARM.exidx.text.arm_absmin_f64), (8 bytes).
    Removing statisticsfunctions.o(.text.arm_absmin_q15), (264 bytes).
    Removing statisticsfunctions.o(.ARM.exidx.text.arm_absmin_q15), (8 bytes).
    Removing statisticsfunctions.o(.text.arm_absmin_q31), (210 bytes).
    Removing statisticsfunctions.o(.ARM.exidx.text.arm_absmin_q31), (8 bytes).
    Removing statisticsfunctions.o(.text.arm_absmin_q7), (264 bytes).
    Removing statisticsfunctions.o(.ARM.exidx.text.arm_absmin_q7), (8 bytes).
    Removing statisticsfunctions.o(.text.arm_absmax_no_idx_f32), (44 bytes).
    Removing statisticsfunctions.o(.ARM.exidx.text.arm_absmax_no_idx_f32), (8 bytes).
    Removing statisticsfunctions.o(.text.arm_absmax_no_idx_f64), (42 bytes).
    Removing statisticsfunctions.o(.ARM.exidx.text.arm_absmax_no_idx_f64), (8 bytes).
    Removing statisticsfunctions.o(.text.arm_absmax_no_idx_q15), (198 bytes).
    Removing statisticsfunctions.o(.ARM.exidx.text.arm_absmax_no_idx_q15), (8 bytes).
    Removing statisticsfunctions.o(.text.arm_absmax_no_idx_q31), (154 bytes).
    Removing statisticsfunctions.o(.ARM.exidx.text.arm_absmax_no_idx_q31), (8 bytes).
    Removing statisticsfunctions.o(.text.arm_absmax_no_idx_q7), (198 bytes).
    Removing statisticsfunctions.o(.ARM.exidx.text.arm_absmax_no_idx_q7), (8 bytes).
    Removing statisticsfunctions.o(.text.arm_absmin_no_idx_f32), (44 bytes).
    Removing statisticsfunctions.o(.ARM.exidx.text.arm_absmin_no_idx_f32), (8 bytes).
    Removing statisticsfunctions.o(.text.arm_absmin_no_idx_f64), (42 bytes).
    Removing statisticsfunctions.o(.ARM.exidx.text.arm_absmin_no_idx_f64), (8 bytes).
    Removing statisticsfunctions.o(.text.arm_absmin_no_idx_q15), (198 bytes).
    Removing statisticsfunctions.o(.ARM.exidx.text.arm_absmin_no_idx_q15), (8 bytes).
    Removing statisticsfunctions.o(.text.arm_absmin_no_idx_q31), (154 bytes).
    Removing statisticsfunctions.o(.ARM.exidx.text.arm_absmin_no_idx_q31), (8 bytes).
    Removing statisticsfunctions.o(.text.arm_absmin_no_idx_q7), (198 bytes).
    Removing statisticsfunctions.o(.ARM.exidx.text.arm_absmin_no_idx_q7), (8 bytes).
    Removing statisticsfunctions.o(.text.arm_mse_q7), (68 bytes).
    Removing statisticsfunctions.o(.ARM.exidx.text.arm_mse_q7), (8 bytes).
    Removing statisticsfunctions.o(.text.arm_mse_q15), (78 bytes).
    Removing statisticsfunctions.o(.ARM.exidx.text.arm_mse_q15), (8 bytes).
    Removing statisticsfunctions.o(.text.arm_mse_q31), (82 bytes).
    Removing statisticsfunctions.o(.ARM.exidx.text.arm_mse_q31), (8 bytes).
    Removing statisticsfunctions.o(.text.arm_mse_f32), (72 bytes).
    Removing statisticsfunctions.o(.ARM.exidx.text.arm_mse_f32), (8 bytes).
    Removing statisticsfunctions.o(.text.arm_mse_f64), (72 bytes).
    Removing statisticsfunctions.o(.ARM.exidx.text.arm_mse_f64), (8 bytes).
    Removing statisticsfunctions.o(.text.arm_accumulate_f32), (44 bytes).
    Removing statisticsfunctions.o(.ARM.exidx.text.arm_accumulate_f32), (8 bytes).
    Removing statisticsfunctions.o(.text.arm_accumulate_f64), (40 bytes).
    Removing statisticsfunctions.o(.ARM.exidx.text.arm_accumulate_f64), (8 bytes).
    Removing statisticsfunctions.o(.text._sqrtf), (6 bytes).
    Removing statisticsfunctions.o(.ARM.exidx.text._sqrtf), (8 bytes).
    Removing statisticsfunctionsf16.o(.text), (0 bytes).
    Removing statisticsfunctionsf16.o(.text.arm_max_f16), (96 bytes).
    Removing statisticsfunctionsf16.o(.ARM.exidx.text.arm_max_f16), (8 bytes).
    Removing statisticsfunctionsf16.o(.text.arm_min_f16), (96 bytes).
    Removing statisticsfunctionsf16.o(.ARM.exidx.text.arm_min_f16), (8 bytes).
    Removing statisticsfunctionsf16.o(.text.arm_mean_f16), (92 bytes).
    Removing statisticsfunctionsf16.o(.ARM.exidx.text.arm_mean_f16), (8 bytes).
    Removing statisticsfunctionsf16.o(.text.arm_power_f16), (60 bytes).
    Removing statisticsfunctionsf16.o(.ARM.exidx.text.arm_power_f16), (8 bytes).
    Removing statisticsfunctionsf16.o(.text.arm_rms_f16), (120 bytes).
    Removing statisticsfunctionsf16.o(.ARM.exidx.text.arm_rms_f16), (8 bytes).
    Removing statisticsfunctionsf16.o(.text.arm_std_f16), (72 bytes).
    Removing statisticsfunctionsf16.o(.ARM.exidx.text.arm_std_f16), (8 bytes).
    Removing statisticsfunctionsf16.o(.text.arm_var_f16), (180 bytes).
    Removing statisticsfunctionsf16.o(.ARM.exidx.text.arm_var_f16), (8 bytes).
    Removing statisticsfunctionsf16.o(.text.arm_entropy_f16), (96 bytes).
    Removing statisticsfunctionsf16.o(.ARM.exidx.text.arm_entropy_f16), (8 bytes).
    Removing statisticsfunctionsf16.o(.text.arm_kullback_leibler_f16), (112 bytes).
    Removing statisticsfunctionsf16.o(.ARM.exidx.text.arm_kullback_leibler_f16), (8 bytes).
    Removing statisticsfunctionsf16.o(.text.arm_logsumexp_dot_prod_f16), (34 bytes).
    Removing statisticsfunctionsf16.o(.ARM.exidx.text.arm_logsumexp_dot_prod_f16), (8 bytes).
    Removing statisticsfunctionsf16.o(.text.arm_logsumexp_f16), (180 bytes).
    Removing statisticsfunctionsf16.o(.ARM.exidx.text.arm_logsumexp_f16), (8 bytes).
    Removing statisticsfunctionsf16.o(.text.arm_max_no_idx_f16), (60 bytes).
    Removing statisticsfunctionsf16.o(.ARM.exidx.text.arm_max_no_idx_f16), (8 bytes).
    Removing statisticsfunctionsf16.o(.text.arm_min_no_idx_f16), (60 bytes).
    Removing statisticsfunctionsf16.o(.ARM.exidx.text.arm_min_no_idx_f16), (8 bytes).
    Removing statisticsfunctionsf16.o(.text.arm_absmax_f16), (104 bytes).
    Removing statisticsfunctionsf16.o(.ARM.exidx.text.arm_absmax_f16), (8 bytes).
    Removing statisticsfunctionsf16.o(.text.arm_absmin_f16), (104 bytes).
    Removing statisticsfunctionsf16.o(.ARM.exidx.text.arm_absmin_f16), (8 bytes).
    Removing statisticsfunctionsf16.o(.text.arm_absmax_no_idx_f16), (70 bytes).
    Removing statisticsfunctionsf16.o(.ARM.exidx.text.arm_absmax_no_idx_f16), (8 bytes).
    Removing statisticsfunctionsf16.o(.text.arm_absmin_no_idx_f16), (70 bytes).
    Removing statisticsfunctionsf16.o(.ARM.exidx.text.arm_absmin_no_idx_f16), (8 bytes).
    Removing statisticsfunctionsf16.o(.text.arm_mse_f16), (116 bytes).
    Removing statisticsfunctionsf16.o(.ARM.exidx.text.arm_mse_f16), (8 bytes).
    Removing statisticsfunctionsf16.o(.text.arm_accumulate_f16), (60 bytes).
    Removing statisticsfunctionsf16.o(.ARM.exidx.text.arm_accumulate_f16), (8 bytes).
    Removing statisticsfunctionsf16.o(.text._sqrtf), (6 bytes).
    Removing statisticsfunctionsf16.o(.ARM.exidx.text._sqrtf), (8 bytes).
    Removing supportfunctions.o(.text), (0 bytes).
    Removing supportfunctions.o(.text.arm_barycenter_f32), (156 bytes).
    Removing supportfunctions.o(.ARM.exidx.text.arm_barycenter_f32), (8 bytes).
    Removing supportfunctions.o(.text.arm_bitonic_sort_f32), (82 bytes).
    Removing supportfunctions.o(.ARM.exidx.text.arm_bitonic_sort_f32), (8 bytes).
    Removing supportfunctions.o(.text.arm_bitonic_sort_core_f32), (168 bytes).
    Removing supportfunctions.o(.ARM.exidx.text.arm_bitonic_sort_core_f32), (8 bytes).
    Removing supportfunctions.o(.text.arm_bubble_sort_f32), (104 bytes).
    Removing supportfunctions.o(.ARM.exidx.text.arm_bubble_sort_f32), (8 bytes).
    Removing supportfunctions.o(.text.arm_copy_f32), (26 bytes).
    Removing supportfunctions.o(.ARM.exidx.text.arm_copy_f32), (8 bytes).
    Removing supportfunctions.o(.text.arm_copy_f64), (40 bytes).
    Removing supportfunctions.o(.ARM.exidx.text.arm_copy_f64), (8 bytes).
    Removing supportfunctions.o(.text.arm_copy_q15), (26 bytes).
    Removing supportfunctions.o(.ARM.exidx.text.arm_copy_q15), (8 bytes).
    Removing supportfunctions.o(.text.arm_copy_q31), (26 bytes).
    Removing supportfunctions.o(.ARM.exidx.text.arm_copy_q31), (8 bytes).
    Removing supportfunctions.o(.text.arm_copy_q7), (26 bytes).
    Removing supportfunctions.o(.ARM.exidx.text.arm_copy_q7), (8 bytes).
    Removing supportfunctions.o(.text.arm_fill_f32), (22 bytes).
    Removing supportfunctions.o(.ARM.exidx.text.arm_fill_f32), (8 bytes).
    Removing supportfunctions.o(.text.arm_fill_f64), (24 bytes).
    Removing supportfunctions.o(.ARM.exidx.text.arm_fill_f64), (8 bytes).
    Removing supportfunctions.o(.text.arm_fill_q15), (18 bytes).
    Removing supportfunctions.o(.ARM.exidx.text.arm_fill_q15), (8 bytes).
    Removing supportfunctions.o(.text.arm_fill_q31), (18 bytes).
    Removing supportfunctions.o(.ARM.exidx.text.arm_fill_q31), (8 bytes).
    Removing supportfunctions.o(.text.arm_fill_q7), (26 bytes).
    Removing supportfunctions.o(.ARM.exidx.text.arm_fill_q7), (8 bytes).
    Removing supportfunctions.o(.text.arm_heap_sort_f32), (100 bytes).
    Removing supportfunctions.o(.ARM.exidx.text.arm_heap_sort_f32), (8 bytes).
    Removing supportfunctions.o(.text.arm_heapify), (128 bytes).
    Removing supportfunctions.o(.ARM.exidx.text.arm_heapify), (8 bytes).
    Removing supportfunctions.o(.text.arm_insertion_sort_f32), (104 bytes).
    Removing supportfunctions.o(.ARM.exidx.text.arm_insertion_sort_f32), (8 bytes).
    Removing supportfunctions.o(.text.arm_merge_sort_f32), (64 bytes).
    Removing supportfunctions.o(.ARM.exidx.text.arm_merge_sort_f32), (8 bytes).
    Removing supportfunctions.o(.text.arm_merge_sort_core_f32), (84 bytes).
    Removing supportfunctions.o(.ARM.exidx.text.arm_merge_sort_core_f32), (8 bytes).
    Removing supportfunctions.o(.text.arm_merge_sort_init_f32), (6 bytes).
    Removing supportfunctions.o(.ARM.exidx.text.arm_merge_sort_init_f32), (8 bytes).
    Removing supportfunctions.o(.text.arm_quick_sort_f32), (38 bytes).
    Removing supportfunctions.o(.ARM.exidx.text.arm_quick_sort_f32), (8 bytes).
    Removing supportfunctions.o(.text.arm_quick_sort_core_f32), (56 bytes).
    Removing supportfunctions.o(.ARM.exidx.text.arm_quick_sort_core_f32), (8 bytes).
    Removing supportfunctions.o(.text.arm_selection_sort_f32), (156 bytes).
    Removing supportfunctions.o(.ARM.exidx.text.arm_selection_sort_f32), (8 bytes).
    Removing supportfunctions.o(.text.arm_sort_f32), (58 bytes).
    Removing supportfunctions.o(.ARM.exidx.text.arm_sort_f32), (8 bytes).
    Removing supportfunctions.o(.text.arm_sort_init_f32), (6 bytes).
    Removing supportfunctions.o(.ARM.exidx.text.arm_sort_init_f32), (8 bytes).
    Removing supportfunctions.o(.text.arm_weighted_sum_f32), (60 bytes).
    Removing supportfunctions.o(.ARM.exidx.text.arm_weighted_sum_f32), (8 bytes).
    Removing supportfunctions.o(.text.arm_f64_to_float), (36 bytes).
    Removing supportfunctions.o(.ARM.exidx.text.arm_f64_to_float), (8 bytes).
    Removing supportfunctions.o(.text.arm_f64_to_q31), (88 bytes).
    Removing supportfunctions.o(.ARM.exidx.text.arm_f64_to_q31), (8 bytes).
    Removing supportfunctions.o(.text.arm_f64_to_q15), (56 bytes).
    Removing supportfunctions.o(.ARM.exidx.text.arm_f64_to_q15), (8 bytes).
    Removing supportfunctions.o(.text.arm_f64_to_q7), (56 bytes).
    Removing supportfunctions.o(.ARM.exidx.text.arm_f64_to_q7), (8 bytes).
    Removing supportfunctions.o(.text.arm_float_to_f64), (38 bytes).
    Removing supportfunctions.o(.ARM.exidx.text.arm_float_to_f64), (8 bytes).
    Removing supportfunctions.o(.text.arm_float_to_q15), (52 bytes).
    Removing supportfunctions.o(.ARM.exidx.text.arm_float_to_q15), (8 bytes).
    Removing supportfunctions.o(.text.arm_float_to_q31), (76 bytes).
    Removing supportfunctions.o(.ARM.exidx.text.arm_float_to_q31), (8 bytes).
    Removing supportfunctions.o(.text.arm_float_to_q7), (52 bytes).
    Removing supportfunctions.o(.ARM.exidx.text.arm_float_to_q7), (8 bytes).
    Removing supportfunctions.o(.text.arm_q15_to_f64), (56 bytes).
    Removing supportfunctions.o(.ARM.exidx.text.arm_q15_to_f64), (8 bytes).
    Removing supportfunctions.o(.text.arm_q15_to_float), (52 bytes).
    Removing supportfunctions.o(.ARM.exidx.text.arm_q15_to_float), (8 bytes).
    Removing supportfunctions.o(.text.arm_q15_to_q31), (30 bytes).
    Removing supportfunctions.o(.ARM.exidx.text.arm_q15_to_q31), (8 bytes).
    Removing supportfunctions.o(.text.arm_q15_to_q7), (26 bytes).
    Removing supportfunctions.o(.ARM.exidx.text.arm_q15_to_q7), (8 bytes).
    Removing supportfunctions.o(.text.arm_q31_to_f64), (56 bytes).
    Removing supportfunctions.o(.ARM.exidx.text.arm_q31_to_f64), (8 bytes).
    Removing supportfunctions.o(.text.arm_q31_to_float), (52 bytes).
    Removing supportfunctions.o(.ARM.exidx.text.arm_q31_to_float), (8 bytes).
    Removing supportfunctions.o(.text.arm_q31_to_q15), (26 bytes).
    Removing supportfunctions.o(.ARM.exidx.text.arm_q31_to_q15), (8 bytes).
    Removing supportfunctions.o(.text.arm_q31_to_q7), (26 bytes).
    Removing supportfunctions.o(.ARM.exidx.text.arm_q31_to_q7), (8 bytes).
    Removing supportfunctions.o(.text.arm_q7_to_f64), (56 bytes).
    Removing supportfunctions.o(.ARM.exidx.text.arm_q7_to_f64), (8 bytes).
    Removing supportfunctions.o(.text.arm_q7_to_float), (52 bytes).
    Removing supportfunctions.o(.ARM.exidx.text.arm_q7_to_float), (8 bytes).
    Removing supportfunctions.o(.text.arm_q7_to_q15), (30 bytes).
    Removing supportfunctions.o(.ARM.exidx.text.arm_q7_to_q15), (8 bytes).
    Removing supportfunctions.o(.text.arm_q7_to_q31), (30 bytes).
    Removing supportfunctions.o(.ARM.exidx.text.arm_q7_to_q31), (8 bytes).
    Removing supportfunctions.o(.text.topDownMerge), (92 bytes).
    Removing supportfunctions.o(.ARM.exidx.text.topDownMerge), (8 bytes).
    Removing supportfunctions.o(.text.arm_quick_sort_partition_f32), (166 bytes).
    Removing supportfunctions.o(.ARM.exidx.text.arm_quick_sort_partition_f32), (8 bytes).
    Removing supportfunctionsf16.o(.text), (0 bytes).
    Removing supportfunctionsf16.o(.text.arm_copy_f16), (26 bytes).
    Removing supportfunctionsf16.o(.ARM.exidx.text.arm_copy_f16), (8 bytes).
    Removing supportfunctionsf16.o(.text.arm_fill_f16), (22 bytes).
    Removing supportfunctionsf16.o(.ARM.exidx.text.arm_fill_f16), (8 bytes).
    Removing supportfunctionsf16.o(.text.arm_f16_to_q15), (76 bytes).
    Removing supportfunctionsf16.o(.ARM.exidx.text.arm_f16_to_q15), (8 bytes).
    Removing supportfunctionsf16.o(.text.arm_f16_to_float), (40 bytes).
    Removing supportfunctionsf16.o(.ARM.exidx.text.arm_f16_to_float), (8 bytes).
    Removing supportfunctionsf16.o(.text.arm_f16_to_f64), (40 bytes).
    Removing supportfunctionsf16.o(.ARM.exidx.text.arm_f16_to_f64), (8 bytes).
    Removing supportfunctionsf16.o(.text.arm_f64_to_f16), (36 bytes).
    Removing supportfunctionsf16.o(.ARM.exidx.text.arm_f64_to_f16), (8 bytes).
    Removing supportfunctionsf16.o(.text.arm_q15_to_f16), (64 bytes).
    Removing supportfunctionsf16.o(.ARM.exidx.text.arm_q15_to_f16), (8 bytes).
    Removing supportfunctionsf16.o(.text.arm_float_to_f16), (36 bytes).
    Removing supportfunctionsf16.o(.ARM.exidx.text.arm_float_to_f16), (8 bytes).
    Removing supportfunctionsf16.o(.text.arm_weighted_sum_f16), (120 bytes).
    Removing supportfunctionsf16.o(.ARM.exidx.text.arm_weighted_sum_f16), (8 bytes).
    Removing supportfunctionsf16.o(.text.arm_barycenter_f16), (188 bytes).
    Removing supportfunctionsf16.o(.ARM.exidx.text.arm_barycenter_f16), (8 bytes).
    Removing transformfunctions.o(.text), (0 bytes).
    Removing transformfunctions.o(.ARM.exidx.text.arm_bitreversal_f32), (8 bytes).
    Removing transformfunctions.o(.text.arm_bitreversal_q31), (164 bytes).
    Removing transformfunctions.o(.ARM.exidx.text.arm_bitreversal_q31), (8 bytes).
    Removing transformfunctions.o(.text.arm_bitreversal_q15), (116 bytes).
    Removing transformfunctions.o(.ARM.exidx.text.arm_bitreversal_q15), (8 bytes).
    Removing transformfunctions.o(.text.arm_bitreversal_64), (142 bytes).
    Removing transformfunctions.o(.ARM.exidx.text.arm_bitreversal_64), (8 bytes).
    Removing transformfunctions.o(.text.arm_bitreversal_32), (76 bytes).
    Removing transformfunctions.o(.ARM.exidx.text.arm_bitreversal_32), (8 bytes).
    Removing transformfunctions.o(.text.arm_bitreversal_16), (66 bytes).
    Removing transformfunctions.o(.ARM.exidx.text.arm_bitreversal_16), (8 bytes).
    Removing transformfunctions.o(.text.arm_cfft_radix8by2_f32), (386 bytes).
    Removing transformfunctions.o(.ARM.exidx.text.arm_cfft_radix8by2_f32), (8 bytes).
    Removing transformfunctions.o(.text.arm_radix8_butterfly_f32), (1316 bytes).
    Removing transformfunctions.o(.ARM.exidx.text.arm_radix8_butterfly_f32), (8 bytes).
    Removing transformfunctions.o(.text.arm_cfft_radix8by4_f32), (956 bytes).
    Removing transformfunctions.o(.ARM.exidx.text.arm_cfft_radix8by4_f32), (8 bytes).
    Removing transformfunctions.o(.text.arm_cfft_f32), (242 bytes).
    Removing transformfunctions.o(.ARM.exidx.text.arm_cfft_f32), (8 bytes).
    Removing transformfunctions.o(.text.arm_radix4_butterfly_f64), (404 bytes).
    Removing transformfunctions.o(.ARM.exidx.text.arm_radix4_butterfly_f64), (8 bytes).
    Removing transformfunctions.o(.text.arm_cfft_radix4by2_f64), (162 bytes).
    Removing transformfunctions.o(.ARM.exidx.text.arm_cfft_radix4by2_f64), (8 bytes).
    Removing transformfunctions.o(.text.arm_cfft_f64), (234 bytes).
    Removing transformfunctions.o(.ARM.exidx.text.arm_cfft_f64), (8 bytes).
    Removing transformfunctions.o(.text.arm_cfft_q15), (222 bytes).
    Removing transformfunctions.o(.ARM.exidx.text.arm_cfft_q15), (8 bytes).
    Removing transformfunctions.o(.text.arm_radix4_butterfly_inverse_q15), (586 bytes).
    Removing transformfunctions.o(.ARM.exidx.text.arm_radix4_butterfly_inverse_q15), (8 bytes).
    Removing transformfunctions.o(.text.arm_cfft_radix4by2_inverse_q15), (174 bytes).
    Removing transformfunctions.o(.ARM.exidx.text.arm_cfft_radix4by2_inverse_q15), (8 bytes).
    Removing transformfunctions.o(.text.arm_radix4_butterfly_q15), (586 bytes).
    Removing transformfunctions.o(.ARM.exidx.text.arm_radix4_butterfly_q15), (8 bytes).
    Removing transformfunctions.o(.text.arm_cfft_radix4by2_q15), (174 bytes).
    Removing transformfunctions.o(.ARM.exidx.text.arm_cfft_radix4by2_q15), (8 bytes).
    Removing transformfunctions.o(.text.arm_cfft_q31), (222 bytes).
    Removing transformfunctions.o(.ARM.exidx.text.arm_cfft_q31), (8 bytes).
    Removing transformfunctions.o(.text.arm_radix4_butterfly_inverse_q31), (996 bytes).
    Removing transformfunctions.o(.ARM.exidx.text.arm_radix4_butterfly_inverse_q31), (8 bytes).
    Removing transformfunctions.o(.text.arm_cfft_radix4by2_inverse_q31), (224 bytes).
    Removing transformfunctions.o(.ARM.exidx.text.arm_cfft_radix4by2_inverse_q31), (8 bytes).
    Removing transformfunctions.o(.text.arm_radix4_butterfly_q31), (1008 bytes).
    Removing transformfunctions.o(.ARM.exidx.text.arm_radix4_butterfly_q31), (8 bytes).
    Removing transformfunctions.o(.text.arm_cfft_radix4by2_q31), (240 bytes).
    Removing transformfunctions.o(.ARM.exidx.text.arm_cfft_radix4by2_q31), (8 bytes).
    Removing transformfunctions.o(.text.arm_cfft_init_f32), (180 bytes).
    Removing transformfunctions.o(.ARM.exidx.text.arm_cfft_init_f32), (8 bytes).
    Removing transformfunctions.o(.text.arm_cfft_init_f64), (180 bytes).
    Removing transformfunctions.o(.ARM.exidx.text.arm_cfft_init_f64), (8 bytes).
    Removing transformfunctions.o(.text.arm_cfft_init_q15), (180 bytes).
    Removing transformfunctions.o(.ARM.exidx.text.arm_cfft_init_q15), (8 bytes).
    Removing transformfunctions.o(.text.arm_cfft_init_q31), (180 bytes).
    Removing transformfunctions.o(.ARM.exidx.text.arm_cfft_init_q31), (8 bytes).
    Removing transformfunctions.o(.text.arm_cfft_radix2_f32), (62 bytes).
    Removing transformfunctions.o(.ARM.exidx.text.arm_cfft_radix2_f32), (8 bytes).
    Removing transformfunctions.o(.text.arm_radix2_butterfly_inverse_f32), (390 bytes).
    Removing transformfunctions.o(.ARM.exidx.text.arm_radix2_butterfly_inverse_f32), (8 bytes).
    Removing transformfunctions.o(.text.arm_radix2_butterfly_f32), (374 bytes).
    Removing transformfunctions.o(.ARM.exidx.text.arm_radix2_butterfly_f32), (8 bytes).
    Removing transformfunctions.o(.text.arm_cfft_radix2_q15), (48 bytes).
    Removing transformfunctions.o(.ARM.exidx.text.arm_cfft_radix2_q15), (8 bytes).
    Removing transformfunctions.o(.text.arm_radix2_butterfly_inverse_q15), (434 bytes).
    Removing transformfunctions.o(.ARM.exidx.text.arm_radix2_butterfly_inverse_q15), (8 bytes).
    Removing transformfunctions.o(.text.arm_radix2_butterfly_q15), (436 bytes).
    Removing transformfunctions.o(.ARM.exidx.text.arm_radix2_butterfly_q15), (8 bytes).
    Removing transformfunctions.o(.text.arm_cfft_radix2_q31), (48 bytes).
    Removing transformfunctions.o(.ARM.exidx.text.arm_cfft_radix2_q31), (8 bytes).
    Removing transformfunctions.o(.text.arm_radix2_butterfly_inverse_q31), (540 bytes).
    Removing transformfunctions.o(.ARM.exidx.text.arm_radix2_butterfly_inverse_q31), (8 bytes).
    Removing transformfunctions.o(.text.arm_radix2_butterfly_q31), (536 bytes).
    Removing transformfunctions.o(.ARM.exidx.text.arm_radix2_butterfly_q31), (8 bytes).
    Removing transformfunctions.o(.ARM.exidx.text.arm_cfft_radix4_f32), (8 bytes).
    Removing transformfunctions.o(.ARM.exidx.text.arm_radix4_butterfly_inverse_f32), (8 bytes).
    Removing transformfunctions.o(.ARM.exidx.text.arm_radix4_butterfly_f32), (8 bytes).
    Removing transformfunctions.o(.text.arm_cfft_radix4_q15), (54 bytes).
    Removing transformfunctions.o(.ARM.exidx.text.arm_cfft_radix4_q15), (8 bytes).
    Removing transformfunctions.o(.text.arm_cfft_radix4_q31), (54 bytes).
    Removing transformfunctions.o(.ARM.exidx.text.arm_cfft_radix4_q31), (8 bytes).
    Removing transformfunctions.o(.text.stage_rfft_f32), (162 bytes).
    Removing transformfunctions.o(.ARM.exidx.text.stage_rfft_f32), (8 bytes).
    Removing transformfunctions.o(.text.merge_rfft_f32), (164 bytes).
    Removing transformfunctions.o(.ARM.exidx.text.merge_rfft_f32), (8 bytes).
    Removing transformfunctions.o(.text.arm_rfft_fast_f32), (66 bytes).
    Removing transformfunctions.o(.ARM.exidx.text.arm_rfft_fast_f32), (8 bytes).
    Removing transformfunctions.o(.text.stage_rfft_f64), (176 bytes).
    Removing transformfunctions.o(.ARM.exidx.text.stage_rfft_f64), (8 bytes).
    Removing transformfunctions.o(.text.merge_rfft_f64), (168 bytes).
    Removing transformfunctions.o(.ARM.exidx.text.merge_rfft_f64), (8 bytes).
    Removing transformfunctions.o(.text.arm_rfft_fast_f64), (74 bytes).
    Removing transformfunctions.o(.ARM.exidx.text.arm_rfft_fast_f64), (8 bytes).
    Removing transformfunctions.o(.text.arm_rfft_fast_init_f32), (170 bytes).
    Removing transformfunctions.o(.ARM.exidx.text.arm_rfft_fast_init_f32), (8 bytes).
    Removing transformfunctions.o(.text.arm_rfft_4096_fast_init_f32), (48 bytes).
    Removing transformfunctions.o(.ARM.exidx.text.arm_rfft_4096_fast_init_f32), (8 bytes).
    Removing transformfunctions.o(.text.arm_rfft_2048_fast_init_f32), (48 bytes).
    Removing transformfunctions.o(.ARM.exidx.text.arm_rfft_2048_fast_init_f32), (8 bytes).
    Removing transformfunctions.o(.text.arm_rfft_1024_fast_init_f32), (48 bytes).
    Removing transformfunctions.o(.ARM.exidx.text.arm_rfft_1024_fast_init_f32), (8 bytes).
    Removing transformfunctions.o(.text.arm_rfft_512_fast_init_f32), (48 bytes).
    Removing transformfunctions.o(.ARM.exidx.text.arm_rfft_512_fast_init_f32), (8 bytes).
    Removing transformfunctions.o(.text.arm_rfft_256_fast_init_f32), (46 bytes).
    Removing transformfunctions.o(.ARM.exidx.text.arm_rfft_256_fast_init_f32), (8 bytes).
    Removing transformfunctions.o(.text.arm_rfft_128_fast_init_f32), (44 bytes).
    Removing transformfunctions.o(.ARM.exidx.text.arm_rfft_128_fast_init_f32), (8 bytes).
    Removing transformfunctions.o(.text.arm_rfft_64_fast_init_f32), (44 bytes).
    Removing transformfunctions.o(.ARM.exidx.text.arm_rfft_64_fast_init_f32), (8 bytes).
    Removing transformfunctions.o(.text.arm_rfft_32_fast_init_f32), (44 bytes).
    Removing transformfunctions.o(.ARM.exidx.text.arm_rfft_32_fast_init_f32), (8 bytes).
    Removing transformfunctions.o(.text.arm_rfft_fast_init_f64), (170 bytes).
    Removing transformfunctions.o(.ARM.exidx.text.arm_rfft_fast_init_f64), (8 bytes).
    Removing transformfunctions.o(.text.arm_rfft_4096_fast_init_f64), (62 bytes).
    Removing transformfunctions.o(.ARM.exidx.text.arm_rfft_4096_fast_init_f64), (8 bytes).
    Removing transformfunctions.o(.text.arm_rfft_2048_fast_init_f64), (62 bytes).
    Removing transformfunctions.o(.ARM.exidx.text.arm_rfft_2048_fast_init_f64), (8 bytes).
    Removing transformfunctions.o(.text.arm_rfft_1024_fast_init_f64), (62 bytes).
    Removing transformfunctions.o(.ARM.exidx.text.arm_rfft_1024_fast_init_f64), (8 bytes).
    Removing transformfunctions.o(.text.arm_rfft_512_fast_init_f64), (60 bytes).
    Removing transformfunctions.o(.ARM.exidx.text.arm_rfft_512_fast_init_f64), (8 bytes).
    Removing transformfunctions.o(.text.arm_rfft_256_fast_init_f64), (58 bytes).
    Removing transformfunctions.o(.ARM.exidx.text.arm_rfft_256_fast_init_f64), (8 bytes).
    Removing transformfunctions.o(.text.arm_rfft_128_fast_init_f64), (56 bytes).
    Removing transformfunctions.o(.ARM.exidx.text.arm_rfft_128_fast_init_f64), (8 bytes).
    Removing transformfunctions.o(.text.arm_rfft_64_fast_init_f64), (56 bytes).
    Removing transformfunctions.o(.ARM.exidx.text.arm_rfft_64_fast_init_f64), (8 bytes).
    Removing transformfunctions.o(.text.arm_rfft_32_fast_init_f64), (56 bytes).
    Removing transformfunctions.o(.ARM.exidx.text.arm_rfft_32_fast_init_f64), (8 bytes).
    Removing transformfunctions.o(.text.arm_mfcc_init_f32), (56 bytes).
    Removing transformfunctions.o(.ARM.exidx.text.arm_mfcc_init_f32), (8 bytes).
    Removing transformfunctions.o(.text.arm_mfcc_f32), (224 bytes).
    Removing transformfunctions.o(.ARM.exidx.text.arm_mfcc_f32), (8 bytes).
    Removing transformfunctions.o(.text.arm_mfcc_init_q31), (58 bytes).
    Removing transformfunctions.o(.ARM.exidx.text.arm_mfcc_init_q31), (8 bytes).
    Removing transformfunctions.o(.text.arm_rfft_init_q31), (212 bytes).
    Removing transformfunctions.o(.ARM.exidx.text.arm_rfft_init_q31), (8 bytes).
    Removing transformfunctions.o(.text.arm_mfcc_q31), (308 bytes).
    Removing transformfunctions.o(.ARM.exidx.text.arm_mfcc_q31), (8 bytes).
    Removing transformfunctions.o(.text.arm_rfft_q31), (112 bytes).
    Removing transformfunctions.o(.ARM.exidx.text.arm_rfft_q31), (8 bytes).
    Removing transformfunctions.o(.text.arm_mfcc_init_q15), (58 bytes).
    Removing transformfunctions.o(.ARM.exidx.text.arm_mfcc_init_q15), (8 bytes).
    Removing transformfunctions.o(.text.arm_rfft_init_q15), (212 bytes).
    Removing transformfunctions.o(.ARM.exidx.text.arm_rfft_init_q15), (8 bytes).
    Removing transformfunctions.o(.text.arm_mfcc_q15), (336 bytes).
    Removing transformfunctions.o(.ARM.exidx.text.arm_mfcc_q15), (8 bytes).
    Removing transformfunctions.o(.text.arm_rfft_q15), (112 bytes).
    Removing transformfunctions.o(.ARM.exidx.text.arm_rfft_q15), (8 bytes).
    Removing transformfunctions.o(.text.arm_dct4_f32), (218 bytes).
    Removing transformfunctions.o(.ARM.exidx.text.arm_dct4_f32), (8 bytes).
    Removing transformfunctions.o(.text.arm_rfft_f32), (126 bytes).
    Removing transformfunctions.o(.ARM.exidx.text.arm_rfft_f32), (8 bytes).
    Removing transformfunctions.o(.text.arm_dct4_init_f32), (156 bytes).
    Removing transformfunctions.o(.ARM.exidx.text.arm_dct4_init_f32), (8 bytes).
    Removing transformfunctions.o(.text.arm_rfft_init_f32), (114 bytes).
    Removing transformfunctions.o(.ARM.exidx.text.arm_rfft_init_f32), (8 bytes).
    Removing transformfunctions.o(.text.arm_dct4_init_q15), (142 bytes).
    Removing transformfunctions.o(.ARM.exidx.text.arm_dct4_init_q15), (8 bytes).
    Removing transformfunctions.o(.text.arm_dct4_init_q31), (142 bytes).
    Removing transformfunctions.o(.ARM.exidx.text.arm_dct4_init_q31), (8 bytes).
    Removing transformfunctions.o(.text.arm_dct4_q15), (194 bytes).
    Removing transformfunctions.o(.ARM.exidx.text.arm_dct4_q15), (8 bytes).
    Removing transformfunctions.o(.text.arm_dct4_q31), (220 bytes).
    Removing transformfunctions.o(.ARM.exidx.text.arm_dct4_q31), (8 bytes).
    Removing transformfunctions.o(.text.arm_split_rifft_f32), (126 bytes).
    Removing transformfunctions.o(.ARM.exidx.text.arm_split_rifft_f32), (8 bytes).
    Removing transformfunctions.o(.text.arm_split_rfft_f32), (218 bytes).
    Removing transformfunctions.o(.ARM.exidx.text.arm_split_rfft_f32), (8 bytes).
    Removing transformfunctions.o(.text.arm_split_rifft_q15), (90 bytes).
    Removing transformfunctions.o(.ARM.exidx.text.arm_split_rifft_q15), (8 bytes).
    Removing transformfunctions.o(.text.arm_split_rfft_q15), (172 bytes).
    Removing transformfunctions.o(.ARM.exidx.text.arm_split_rfft_q15), (8 bytes).
    Removing transformfunctions.o(.text.arm_split_rifft_q31), (144 bytes).
    Removing transformfunctions.o(.ARM.exidx.text.arm_split_rifft_q31), (8 bytes).
    Removing transformfunctions.o(.text.arm_split_rfft_q31), (276 bytes).
    Removing transformfunctions.o(.ARM.exidx.text.arm_split_rfft_q31), (8 bytes).
    Removing transformfunctions.o(.ARM.exidx.text.arm_cfft_radix4_init_f32), (8 bytes).
    Removing transformfunctions.o(.text.arm_cfft_radix4_init_q15), (102 bytes).
    Removing transformfunctions.o(.ARM.exidx.text.arm_cfft_radix4_init_q15), (8 bytes).
    Removing transformfunctions.o(.text.arm_cfft_radix4_init_q31), (102 bytes).
    Removing transformfunctions.o(.ARM.exidx.text.arm_cfft_radix4_init_q31), (8 bytes).
    Removing transformfunctions.o(.text.arm_cfft_radix2_init_f32), (228 bytes).
    Removing transformfunctions.o(.ARM.exidx.text.arm_cfft_radix2_init_f32), (8 bytes).
    Removing transformfunctions.o(.text.arm_cfft_radix2_init_q15), (152 bytes).
    Removing transformfunctions.o(.ARM.exidx.text.arm_cfft_radix2_init_q15), (8 bytes).
    Removing transformfunctions.o(.text.arm_cfft_radix2_init_q31), (152 bytes).
    Removing transformfunctions.o(.ARM.exidx.text.arm_cfft_radix2_init_q31), (8 bytes).
    Removing transformfunctionsf16.o(.text), (0 bytes).
    Removing transformfunctionsf16.o(.text.arm_cfft_f16), (270 bytes).
    Removing transformfunctionsf16.o(.ARM.exidx.text.arm_cfft_f16), (8 bytes).
    Removing transformfunctionsf16.o(.text.arm_radix4_butterfly_f16), (1258 bytes).
    Removing transformfunctionsf16.o(.ARM.exidx.text.arm_radix4_butterfly_f16), (8 bytes).
    Removing transformfunctionsf16.o(.text.arm_cfft_radix4by2_f16), (214 bytes).
    Removing transformfunctionsf16.o(.ARM.exidx.text.arm_cfft_radix4by2_f16), (8 bytes).
    Removing transformfunctionsf16.o(.text.arm_cfft_init_f16), (180 bytes).
    Removing transformfunctionsf16.o(.ARM.exidx.text.arm_cfft_init_f16), (8 bytes).
    Removing transformfunctionsf16.o(.text.arm_cfft_radix2_f16), (64 bytes).
    Removing transformfunctionsf16.o(.ARM.exidx.text.arm_cfft_radix2_f16), (8 bytes).
    Removing transformfunctionsf16.o(.text.arm_radix2_butterfly_inverse_f16), (600 bytes).
    Removing transformfunctionsf16.o(.ARM.exidx.text.arm_radix2_butterfly_inverse_f16), (8 bytes).
    Removing transformfunctionsf16.o(.text.arm_radix2_butterfly_f16), (546 bytes).
    Removing transformfunctionsf16.o(.ARM.exidx.text.arm_radix2_butterfly_f16), (8 bytes).
    Removing transformfunctionsf16.o(.text.arm_bitreversal_f16), (164 bytes).
    Removing transformfunctionsf16.o(.ARM.exidx.text.arm_bitreversal_f16), (8 bytes).
    Removing transformfunctionsf16.o(.text.arm_cfft_radix4_f16), (64 bytes).
    Removing transformfunctionsf16.o(.ARM.exidx.text.arm_cfft_radix4_f16), (8 bytes).
    Removing transformfunctionsf16.o(.text.arm_radix4_butterfly_inverse_f16), (1304 bytes).
    Removing transformfunctionsf16.o(.ARM.exidx.text.arm_radix4_butterfly_inverse_f16), (8 bytes).
    Removing transformfunctionsf16.o(.text.arm_rfft_fast_init_f16), (170 bytes).
    Removing transformfunctionsf16.o(.ARM.exidx.text.arm_rfft_fast_init_f16), (8 bytes).
    Removing transformfunctionsf16.o(.text.arm_rfft_4096_fast_init_f16), (48 bytes).
    Removing transformfunctionsf16.o(.ARM.exidx.text.arm_rfft_4096_fast_init_f16), (8 bytes).
    Removing transformfunctionsf16.o(.text.arm_rfft_2048_fast_init_f16), (48 bytes).
    Removing transformfunctionsf16.o(.ARM.exidx.text.arm_rfft_2048_fast_init_f16), (8 bytes).
    Removing transformfunctionsf16.o(.text.arm_rfft_1024_fast_init_f16), (48 bytes).
    Removing transformfunctionsf16.o(.ARM.exidx.text.arm_rfft_1024_fast_init_f16), (8 bytes).
    Removing transformfunctionsf16.o(.text.arm_rfft_512_fast_init_f16), (48 bytes).
    Removing transformfunctionsf16.o(.ARM.exidx.text.arm_rfft_512_fast_init_f16), (8 bytes).
    Removing transformfunctionsf16.o(.text.arm_rfft_256_fast_init_f16), (46 bytes).
    Removing transformfunctionsf16.o(.ARM.exidx.text.arm_rfft_256_fast_init_f16), (8 bytes).
    Removing transformfunctionsf16.o(.text.arm_rfft_128_fast_init_f16), (44 bytes).
    Removing transformfunctionsf16.o(.ARM.exidx.text.arm_rfft_128_fast_init_f16), (8 bytes).
    Removing transformfunctionsf16.o(.text.arm_rfft_64_fast_init_f16), (44 bytes).
    Removing transformfunctionsf16.o(.ARM.exidx.text.arm_rfft_64_fast_init_f16), (8 bytes).
    Removing transformfunctionsf16.o(.text.arm_rfft_32_fast_init_f16), (44 bytes).
    Removing transformfunctionsf16.o(.ARM.exidx.text.arm_rfft_32_fast_init_f16), (8 bytes).
    Removing transformfunctionsf16.o(.text.stage_rfft_f16), (248 bytes).
    Removing transformfunctionsf16.o(.ARM.exidx.text.stage_rfft_f16), (8 bytes).
    Removing transformfunctionsf16.o(.text.merge_rfft_f16), (248 bytes).
    Removing transformfunctionsf16.o(.ARM.exidx.text.merge_rfft_f16), (8 bytes).
    Removing transformfunctionsf16.o(.text.arm_rfft_fast_f16), (66 bytes).
    Removing transformfunctionsf16.o(.ARM.exidx.text.arm_rfft_fast_f16), (8 bytes).
    Removing transformfunctionsf16.o(.text.arm_radix8_butterfly_f16), (2010 bytes).
    Removing transformfunctionsf16.o(.ARM.exidx.text.arm_radix8_butterfly_f16), (8 bytes).
    Removing transformfunctionsf16.o(.text.arm_mfcc_init_f16), (56 bytes).
    Removing transformfunctionsf16.o(.ARM.exidx.text.arm_mfcc_init_f16), (8 bytes).
    Removing transformfunctionsf16.o(.text.arm_mfcc_f16), (252 bytes).
    Removing transformfunctionsf16.o(.ARM.exidx.text.arm_mfcc_f16), (8 bytes).
    Removing transformfunctionsf16.o(.text.arm_cfft_radix2_init_f16), (236 bytes).
    Removing transformfunctionsf16.o(.ARM.exidx.text.arm_cfft_radix2_init_f16), (8 bytes).
    Removing transformfunctionsf16.o(.text.arm_cfft_radix4_init_f16), (152 bytes).
    Removing transformfunctionsf16.o(.ARM.exidx.text.arm_cfft_radix4_init_f16), (8 bytes).
    Removing startup_cmsdk_cm7.o(.text), (0 bytes).
    Removing startup_cmsdk_cm7.o(.ARM.exidx.text.Default_Handler), (8 bytes).
    Removing startup_cmsdk_cm7.o(.ARM.exidx.text.Reset_Handler), (8 bytes).
    Removing startup_cmsdk_cm7.o(.ARM.exidx.text.HardFault_Handler), (8 bytes).
    Removing system_cmsdk_cm7.o(.text), (0 bytes).
    Removing system_cmsdk_cm7.o(.text.SystemCoreClockUpdate), (20 bytes).
    Removing system_cmsdk_cm7.o(.ARM.exidx.text.SystemCoreClockUpdate), (8 bytes).
    Removing system_cmsdk_cm7.o(.ARM.exidx.text.SystemInit), (8 bytes).

1608 unused section(s) (total 1052930 bytes) removed from the image.

==============================================================================

Image Symbol Table

    Local Symbols

    Symbol Name                              Value     Ov Type        Size  Object(Section)

    ../clib/angel/boardlib.s                 0x00000000   Number         0  boardinit1.o ABSOLUTE
    ../clib/angel/boardlib.s                 0x00000000   Number         0  boardinit2.o ABSOLUTE
    ../clib/angel/boardlib.s                 0x00000000   Number         0  boardinit3.o ABSOLUTE
    ../clib/angel/boardlib.s                 0x00000000   Number         0  boardshut.o ABSOLUTE
    ../clib/angel/handlers.s                 0x00000000   Number         0  __scatter_copy.o ABSOLUTE
    ../clib/angel/handlers.s                 0x00000000   Number         0  __scatter_zi.o ABSOLUTE
    ../clib/angel/kernel.s                   0x00000000   Number         0  __rtentry.o ABSOLUTE
    ../clib/angel/kernel.s                   0x00000000   Number         0  __rtentry2.o ABSOLUTE
    ../clib/angel/kernel.s                   0x00000000   Number         0  __rtentry4.o ABSOLUTE
    ../clib/angel/kernel.s                   0x00000000   Number         0  __rtentry7.o ABSOLUTE
    ../clib/angel/kernel.s                   0x00000000   Number         0  rtexit.o ABSOLUTE
    ../clib/angel/kernel.s                   0x00000000   Number         0  rtexit2.o ABSOLUTE
    ../clib/angel/rt.s                       0x00000000   Number         0  aeabi_ldiv0.o ABSOLUTE
    ../clib/angel/rt.s                       0x00000000   Number         0  aeabi_ldiv0_sigfpe.o ABSOLUTE
    ../clib/angel/rt.s                       0x00000000   Number         0  rt_div0.o ABSOLUTE
    ../clib/angel/rt.s                       0x00000000   Number         0  rt_errno_addr.o ABSOLUTE
    ../clib/angel/rt.s                       0x00000000   Number         0  rt_errno_addr_intlibspace.o ABSOLUTE
    ../clib/angel/rt.s                       0x00000000   Number         0  rt_raise.o ABSOLUTE
    ../clib/angel/scatter.s                  0x00000000   Number         0  __scatter.o ABSOLUTE
    ../clib/angel/startup.s                  0x00000000   Number         0  __main.o ABSOLUTE
    ../clib/angel/sys.s                      0x00000000   Number         0  libspace.o ABSOLUTE
    ../clib/angel/sys.s                      0x00000000   Number         0  sys_stackheap_outer.o ABSOLUTE
    ../clib/angel/sys.s                      0x00000000   Number         0  sys_stackheap.o ABSOLUTE
    ../clib/angel/sys.s                      0x00000000   Number         0  sys_stackheap_hlt.o ABSOLUTE
    ../clib/angel/sys.s                      0x00000000   Number         0  use_no_semi.o ABSOLUTE
    ../clib/angel/sys.s                      0x00000000   Number         0  indicate_semi.o ABSOLUTE
    ../clib/angel/sysapp.c                   0x00000000   Number         0  sys_exit.o ABSOLUTE
    ../clib/angel/sysapp.c                   0x00000000   Number         0  sys_exit_hlt.o ABSOLUTE
    ../clib/angel/sysapp.c                   0x00000000   Number         0  sys_wrch.o ABSOLUTE
    ../clib/angel/sysapp.c                   0x00000000   Number         0  sys_wrch_hlt.o ABSOLUTE
    ../clib/angel/sysapp.c                   0x00000000   Number         0  sys_command.o ABSOLUTE
    ../clib/angel/sysapp.c                   0x00000000   Number         0  sys_command_hlt.o ABSOLUTE
    ../clib/armsys.c                         0x00000000   Number         0  argv_veneer.o ABSOLUTE
    ../clib/armsys.c                         0x00000000   Number         0  argv_veneer.o ABSOLUTE
    ../clib/armsys.c                         0x00000000   Number         0  _get_argv_nomalloc.o ABSOLUTE
    ../clib/armsys.c                         0x00000000   Number         0  no_argv.o ABSOLUTE
    ../clib/fenv.c                           0x00000000   Number         0  _rserrno.o ABSOLUTE
    ../clib/heapalloc.c                      0x00000000   Number         0  hrguard.o ABSOLUTE
    ../clib/libinit.s                        0x00000000   Number         0  libinit.o ABSOLUTE
    ../clib/libinit.s                        0x00000000   Number         0  libinit2.o ABSOLUTE
    ../clib/libinit.s                        0x00000000   Number         0  libinit5.o ABSOLUTE
    ../clib/libinit.s                        0x00000000   Number         0  libshutdown.o ABSOLUTE
    ../clib/libinit.s                        0x00000000   Number         0  libshutdown2.o ABSOLUTE
    ../clib/longlong.s                       0x00000000   Number         0  lludivv7m.o ABSOLUTE
    ../clib/longlong.s                       0x00000000   Number         0  llsdiv.o ABSOLUTE
    ../clib/memcpset.s                       0x00000000   Number         0  rt_memcpy_v6.o ABSOLUTE
    ../clib/memcpset.s                       0x00000000   Number         0  rt_memcpy_w.o ABSOLUTE
    ../clib/memcpset.s                       0x00000000   Number         0  aeabi_memset.o ABSOLUTE
    ../clib/memcpset.s                       0x00000000   Number         0  rt_memclr.o ABSOLUTE
    ../clib/memcpset.s                       0x00000000   Number         0  rt_memclr_w.o ABSOLUTE
    ../clib/signal.c                         0x00000000   Number         0  defsig_fpe_outer.o ABSOLUTE
    ../clib/signal.c                         0x00000000   Number         0  defsig_fpe_formal.o ABSOLUTE
    ../clib/signal.c                         0x00000000   Number         0  defsig_exit.o ABSOLUTE
    ../clib/signal.c                         0x00000000   Number         0  defsig_fpe_inner.o ABSOLUTE
    ../clib/signal.c                         0x00000000   Number         0  __raise.o ABSOLUTE
    ../clib/signal.c                         0x00000000   Number         0  defsig_general.o ABSOLUTE
    ../clib/signal.c                         0x00000000   Number         0  defsig_abrt_inner.o ABSOLUTE
    ../clib/signal.c                         0x00000000   Number         0  defsig_rtred_inner.o ABSOLUTE
    ../clib/signal.c                         0x00000000   Number         0  defsig_rtmem_inner.o ABSOLUTE
    ../clib/signal.c                         0x00000000   Number         0  defsig_rtmem_outer.o ABSOLUTE
    ../clib/signal.c                         0x00000000   Number         0  defsig_rtmem_formal.o ABSOLUTE
    ../clib/signal.c                         0x00000000   Number         0  defsig_stak_inner.o ABSOLUTE
    ../clib/signal.c                         0x00000000   Number         0  defsig_pvfn_inner.o ABSOLUTE
    ../clib/signal.c                         0x00000000   Number         0  defsig_cppl_inner.o ABSOLUTE
    ../clib/signal.c                         0x00000000   Number         0  defsig_segv_inner.o ABSOLUTE
    ../clib/signal.c                         0x00000000   Number         0  defsig_other.o ABSOLUTE
    ../clib/signal.s                         0x00000000   Number         0  defsig.o ABSOLUTE
    ../clib/stdlib.c                         0x00000000   Number         0  exit.o ABSOLUTE
    ../fplib/dfixll.s                        0x00000000   Number         0  dfixll.o ABSOLUTE
    ../fplib/dnaninf.s                       0x00000000   Number         0  dnaninf.o ABSOLUTE
    ../fplib/ffixll.s                        0x00000000   Number         0  ffixll.o ABSOLUTE
    ../fplib/fnaninf.s                       0x00000000   Number         0  fnaninf.o ABSOLUTE
    ../fplib/fpinit.s                        0x00000000   Number         0  fpinit.o ABSOLUTE
    ../fplib/istatus.s                       0x00000000   Number         0  istatus.o ABSOLUTE
    ../fplib/usenofp.s                       0x00000000   Number         0  usenofp.o ABSOLUTE
    ../mathlib/dunder.c                      0x00000000   Number         0  dunder.o ABSOLUTE
    ../mathlib/exp.c                         0x00000000   Number         0  exp.o ABSOLUTE
    ../mathlib/exp.c                         0x00000000   Number         0  exp_x.o ABSOLUTE
    ../mathlib/expf.c                        0x00000000   Number         0  expf.o ABSOLUTE
    ../mathlib/expf.c                        0x00000000   Number         0  expf_x.o ABSOLUTE
    ../mathlib/fpclassify.c                  0x00000000   Number         0  fpclassify.o ABSOLUTE
    ../mathlib/fpclassifyf.c                 0x00000000   Number         0  fpclassifyf.o ABSOLUTE
    ../mathlib/funder.c                      0x00000000   Number         0  funder.o ABSOLUTE
    ../mathlib/log.c                         0x00000000   Number         0  log.o ABSOLUTE
    ../mathlib/log.c                         0x00000000   Number         0  log_x.o ABSOLUTE
    ../mathlib/logf.c                        0x00000000   Number         0  logf.o ABSOLUTE
    ../mathlib/logf.c                        0x00000000   Number         0  logf_x.o ABSOLUTE
    ../mathlib/poly.c                        0x00000000   Number         0  poly.o ABSOLUTE
    ../mathlib/powf.c                        0x00000000   Number         0  powf.o ABSOLUTE
    ../mathlib/powf.c                        0x00000000   Number         0  powf_x.o ABSOLUTE
    ../mathlib/qnan.c                        0x00000000   Number         0  qnan.o ABSOLUTE
    ../mathlib/sqrt.c                        0x00000000   Number         0  sqrt.o ABSOLUTE
    ../mathlib/sqrt.c                        0x00000000   Number         0  sqrt_x.o ABSOLUTE
    ../mathlib/sqrtf.c                       0x00000000   Number         0  sqrtf.o ABSOLUTE
    ../mathlib/sqrtf.c                       0x00000000   Number         0  sqrtf_x.o ABSOLUTE
    ../mathlib/tanhf.c                       0x00000000   Number         0  tanhf.o ABSOLUTE
    ../mathlib/tanhf.c                       0x00000000   Number         0  tanhf_x.o ABSOLUTE
    BasicMathFunctions.c                     0x00000000   Number         0  basicmathfunctions.o ABSOLUTE
    BasicMathFunctionsF16.c                  0x00000000   Number         0  basicmathfunctionsf16.o ABSOLUTE
    BayesFunctions.c                         0x00000000   Number         0  bayesfunctions.o ABSOLUTE
    BayesFunctionsF16.c                      0x00000000   Number         0  bayesfunctionsf16.o ABSOLUTE
    CommonTables.c                           0x00000000   Number         0  commontables.o ABSOLUTE
    CommonTablesF16.c                        0x00000000   Number         0  commontablesf16.o ABSOLUTE
    ComplexMathFunctions.c                   0x00000000   Number         0  complexmathfunctions.o ABSOLUTE
    ComplexMathFunctionsF16.c                0x00000000   Number         0  complexmathfunctionsf16.o ABSOLUTE
    ControllerFunctions.c                    0x00000000   Number         0  controllerfunctions.o ABSOLUTE
    DistanceFunctions.c                      0x00000000   Number         0  distancefunctions.o ABSOLUTE
    DistanceFunctionsF16.c                   0x00000000   Number         0  distancefunctionsf16.o ABSOLUTE
    FastMathFunctions.c                      0x00000000   Number         0  fastmathfunctions.o ABSOLUTE
    FastMathFunctionsF16.c                   0x00000000   Number         0  fastmathfunctionsf16.o ABSOLUTE
    FilteringFunctions.c                     0x00000000   Number         0  filteringfunctions.o ABSOLUTE
    FilteringFunctionsF16.c                  0x00000000   Number         0  filteringfunctionsf16.o ABSOLUTE
    InterpolationFunctions.c                 0x00000000   Number         0  interpolationfunctions.o ABSOLUTE
    InterpolationFunctionsF16.c              0x00000000   Number         0  interpolationfunctionsf16.o ABSOLUTE
    LED_V2M-MPS2.c                           0x00000000   Number         0  led_v2m-mps2.o ABSOLUTE
    MatrixFunctions.c                        0x00000000   Number         0  matrixfunctions.o ABSOLUTE
    MatrixFunctionsF16.c                     0x00000000   Number         0  matrixfunctionsf16.o ABSOLUTE
    QuaternionMathFunctions.c                0x00000000   Number         0  quaternionmathfunctions.o ABSOLUTE
    SVMFunctions.c                           0x00000000   Number         0  svmfunctions.o ABSOLUTE
    SVMFunctionsF16.c                        0x00000000   Number         0  svmfunctionsf16.o ABSOLUTE
    StatisticsFunctions.c                    0x00000000   Number         0  statisticsfunctions.o ABSOLUTE
    StatisticsFunctionsF16.c                 0x00000000   Number         0  statisticsfunctionsf16.o ABSOLUTE
    SupportFunctions.c                       0x00000000   Number         0  supportfunctions.o ABSOLUTE
    SupportFunctionsF16.c                    0x00000000   Number         0  supportfunctionsf16.o ABSOLUTE
    TransformFunctions.c                     0x00000000   Number         0  transformfunctions.o ABSOLUTE
    TransformFunctionsF16.c                  0x00000000   Number         0  transformfunctionsf16.o ABSOLUTE
    __tagsym$$used.0                         0x00000000   Number         0  startup_cmsdk_cm7.o(RESET)
    dc.s                                     0x00000000   Number         0  dc.o ABSOLUTE
    main.c                                   0x00000000   Number         0  main.o ABSOLUTE
    startup_CMSDK_CM7.c                      0x00000000   Number         0  startup_cmsdk_cm7.o ABSOLUTE
    system_CMSDK_CM7.c                       0x00000000   Number         0  system_cmsdk_cm7.o ABSOLUTE
    !!!main                                  0x00000400   Section        8  __main.o(!!!main)
    !!!scatter                               0x00000408   Section       52  __scatter.o(!!!scatter)
    !!handler_copy                           0x0000043c   Section       26  __scatter_copy.o(!!handler_copy)
    !!handler_zi                             0x00000458   Section       28  __scatter_zi.o(!!handler_zi)
    .ARM.Collect$$libinit$$00000000          0x00000474   Section        2  libinit.o(.ARM.Collect$$libinit$$00000000)
    .ARM.Collect$$libinit$$00000001          0x00000476   Section        4  libinit2.o(.ARM.Collect$$libinit$$00000001)
    .ARM.Collect$$libinit$$00000004          0x0000047a   Section        0  libinit2.o(.ARM.Collect$$libinit$$00000004)
    .ARM.Collect$$libinit$$0000000A          0x0000047a   Section        0  libinit2.o(.ARM.Collect$$libinit$$0000000A)
    .ARM.Collect$$libinit$$0000000C          0x0000047a   Section        0  libinit2.o(.ARM.Collect$$libinit$$0000000C)
    .ARM.Collect$$libinit$$0000000E          0x0000047a   Section        0  libinit2.o(.ARM.Collect$$libinit$$0000000E)
    .ARM.Collect$$libinit$$00000011          0x0000047a   Section        0  libinit2.o(.ARM.Collect$$libinit$$00000011)
    .ARM.Collect$$libinit$$00000013          0x0000047a   Section        0  libinit2.o(.ARM.Collect$$libinit$$00000013)
    .ARM.Collect$$libinit$$00000015          0x0000047a   Section        0  libinit2.o(.ARM.Collect$$libinit$$00000015)
    .ARM.Collect$$libinit$$00000017          0x0000047a   Section        0  libinit2.o(.ARM.Collect$$libinit$$00000017)
    .ARM.Collect$$libinit$$00000019          0x0000047a   Section        0  libinit2.o(.ARM.Collect$$libinit$$00000019)
    .ARM.Collect$$libinit$$0000001B          0x0000047a   Section        0  libinit2.o(.ARM.Collect$$libinit$$0000001B)
    .ARM.Collect$$libinit$$0000001D          0x0000047a   Section        0  libinit2.o(.ARM.Collect$$libinit$$0000001D)
    .ARM.Collect$$libinit$$0000001F          0x0000047a   Section        0  libinit2.o(.ARM.Collect$$libinit$$0000001F)
    .ARM.Collect$$libinit$$00000021          0x0000047a   Section        0  libinit2.o(.ARM.Collect$$libinit$$00000021)
    .ARM.Collect$$libinit$$00000023          0x0000047a   Section        0  libinit2.o(.ARM.Collect$$libinit$$00000023)
    .ARM.Collect$$libinit$$00000025          0x0000047a   Section        0  libinit2.o(.ARM.Collect$$libinit$$00000025)
    .ARM.Collect$$libinit$$0000002C          0x0000047a   Section        0  libinit2.o(.ARM.Collect$$libinit$$0000002C)
    .ARM.Collect$$libinit$$0000002E          0x0000047a   Section        0  libinit2.o(.ARM.Collect$$libinit$$0000002E)
    .ARM.Collect$$libinit$$00000030          0x0000047a   Section        0  libinit2.o(.ARM.Collect$$libinit$$00000030)
    .ARM.Collect$$libinit$$00000032          0x0000047a   Section        0  libinit2.o(.ARM.Collect$$libinit$$00000032)
    .ARM.Collect$$libinit$$00000033          0x0000047a   Section        2  libinit2.o(.ARM.Collect$$libinit$$00000033)
    .ARM.Collect$$libshutdown$$00000000      0x0000047c   Section        2  libshutdown.o(.ARM.Collect$$libshutdown$$00000000)
    .ARM.Collect$$libshutdown$$00000002      0x0000047e   Section        0  libshutdown2.o(.ARM.Collect$$libshutdown$$00000002)
    .ARM.Collect$$libshutdown$$00000004      0x0000047e   Section        0  libshutdown2.o(.ARM.Collect$$libshutdown$$00000004)
    .ARM.Collect$$libshutdown$$00000007      0x0000047e   Section        0  libshutdown2.o(.ARM.Collect$$libshutdown$$00000007)
    .ARM.Collect$$libshutdown$$0000000A      0x0000047e   Section        0  libshutdown2.o(.ARM.Collect$$libshutdown$$0000000A)
    .ARM.Collect$$libshutdown$$0000000C      0x0000047e   Section        0  libshutdown2.o(.ARM.Collect$$libshutdown$$0000000C)
    .ARM.Collect$$libshutdown$$0000000F      0x0000047e   Section        0  libshutdown2.o(.ARM.Collect$$libshutdown$$0000000F)
    .ARM.Collect$$libshutdown$$00000010      0x0000047e   Section        2  libshutdown2.o(.ARM.Collect$$libshutdown$$00000010)
    .ARM.Collect$$rtentry$$00000000          0x00000480   Section        0  __rtentry.o(.ARM.Collect$$rtentry$$00000000)
    .ARM.Collect$$rtentry$$00000002          0x00000480   Section        0  __rtentry2.o(.ARM.Collect$$rtentry$$00000002)
    .ARM.Collect$$rtentry$$00000007          0x00000480   Section        4  __rtentry7.o(.ARM.Collect$$rtentry$$00000007)
    .ARM.Collect$$rtentry$$00000009          0x00000484   Section        0  __rtentry2.o(.ARM.Collect$$rtentry$$00000009)
    .ARM.Collect$$rtentry$$0000000A          0x00000484   Section        4  __rtentry2.o(.ARM.Collect$$rtentry$$0000000A)
    .ARM.Collect$$rtentry$$0000000C          0x00000488   Section        0  __rtentry2.o(.ARM.Collect$$rtentry$$0000000C)
    .ARM.Collect$$rtentry$$0000000D          0x00000488   Section        8  __rtentry2.o(.ARM.Collect$$rtentry$$0000000D)
    __lit__00000000                          0x00000490   Data           4  __rtentry7.o(.ARM.Collect$$rtentry$$00002718)
    .ARM.Collect$$rtentry$$00002718          0x00000490   Section        4  __rtentry7.o(.ARM.Collect$$rtentry$$00002718)
    .ARM.Collect$$rtexit$$00000000           0x00000494   Section        2  rtexit.o(.ARM.Collect$$rtexit$$00000000)
    .ARM.Collect$$rtexit$$00000002           0x00000496   Section        0  rtexit2.o(.ARM.Collect$$rtexit$$00000002)
    .ARM.Collect$$rtexit$$00000003           0x00000496   Section        4  rtexit2.o(.ARM.Collect$$rtexit$$00000003)
    .ARM.Collect$$rtexit$$00000004           0x0000049a   Section        6  rtexit2.o(.ARM.Collect$$rtexit$$00000004)
    .text                                    0x000004a0   Section      100  rt_memcpy_w.o(.text)
    .text                                    0x00000504   Section       78  rt_memclr_w.o(.text)
    .text                                    0x00000552   Section        0  exit.o(.text)
    .text                                    0x00000564   Section        0  sys_exit.o(.text)
    .text                                    0x00000570   Section        2  use_no_semi.o(.text)
    .text                                    0x00000572   Section        0  indicate_semi.o(.text)
    [Anonymous Symbol]                       0x00000578   Section        0  startup_cmsdk_cm7.o(.text.Default_Handler)
    [Anonymous Symbol]                       0x00000580   Section        0  startup_cmsdk_cm7.o(.text.HardFault_Handler)
    [Anonymous Symbol]                       0x00000588   Section        0  led_v2m-mps2.o(.text.LED_Initialize)
    [Anonymous Symbol]                       0x00000598   Section        0  led_v2m-mps2.o(.text.LED_On)
    [Anonymous Symbol]                       0x000005b8   Section        0  startup_cmsdk_cm7.o(.text.Reset_Handler)
    [Anonymous Symbol]                       0x000005c0   Section        0  system_cmsdk_cm7.o(.text.SystemInit)
    [Anonymous Symbol]                       0x000005f0   Section        0  transformfunctions.o(.text.arm_bitreversal_f32)
    [Anonymous Symbol]                       0x000006a0   Section        0  transformfunctions.o(.text.arm_cfft_radix4_f32)
    [Anonymous Symbol]                       0x000006e0   Section        0  transformfunctions.o(.text.arm_cfft_radix4_init_f32)
    [Anonymous Symbol]                       0x00000778   Section        0  fastmathfunctions.o(.text.arm_cos_f32)
    [Anonymous Symbol]                       0x00000808   Section        0  filteringfunctions.o(.text.arm_fir_f32)
    [Anonymous Symbol]                       0x000008a8   Section        0  filteringfunctions.o(.text.arm_fir_init_f32)
    [Anonymous Symbol]                       0x000008d0   Section        0  transformfunctions.o(.text.arm_radix4_butterfly_f32)
    [Anonymous Symbol]                       0x00000a68   Section        0  transformfunctions.o(.text.arm_radix4_butterfly_inverse_f32)
    [Anonymous Symbol]                       0x00000cd8   Section        0  fastmathfunctions.o(.text.arm_sin_f32)
    [Anonymous Symbol]                       0x00000d68   Section        0  main.o(.text.main)
    $v0                                      0x00000f60   Number         0  fpinit.o(x$fpl$fpinit)
    x$fpl$fpinit                             0x00000f60   Section       26  fpinit.o(x$fpl$fpinit)
    firCoeffs32LP                            0x20000004   Data          48  main.o(.data.firCoeffs32LP)
    [Anonymous Symbol]                       0x20000004   Section        0  main.o(.data.firCoeffs32LP)
    data_buffer                              0x20000034   Data       40960  main.o(.bss.data_buffer)
    [Anonymous Symbol]                       0x20000034   Section        0  main.o(.bss.data_buffer)
    fft_buffer_in                            0x2000a034   Data       32768  main.o(.bss.fft_buffer_in)
    [Anonymous Symbol]                       0x2000a034   Section        0  main.o(.bss.fft_buffer_in)
    fft_buffer_out                           0x20012034   Data       32768  main.o(.bss.fft_buffer_out)
    [Anonymous Symbol]                       0x20012034   Section        0  main.o(.bss.fft_buffer_out)

    Global Symbols

    Symbol Name                              Value     Ov Type        Size  Object(Section)

    BuildAttributes$$THM_ISAv4$E$P$D$K$B$S$7EM$VFPv5_D16$PE$PLD8$A:L22UL41UL21$X:L11$S22US41US21$IEEE1$IW$USESV6$~STKCKD$USESV7$~SHL$OTIME$ROPI$IEEEX$UX$STANDARDLIB$REQ8$PRES8$EABIv2 0x00000000   Number         0  anon$$obj.o ABSOLUTE
    __Vectors                                0x00000000   Data        1024  startup_cmsdk_cm7.o(RESET)
    Image$$ZI$$Limit                          - Undefined Weak Reference
    __ARM_exceptions_init                     - Undefined Weak Reference
    __alloca_initialize                       - Undefined Weak Reference
    __arm_preinit_                            - Undefined Weak Reference
    __cpp_initialize__aeabi_                  - Undefined Weak Reference
    __cxa_finalize                            - Undefined Weak Reference
    __rt_locale                               - Undefined Weak Reference
    __sigvec_lookup                           - Undefined Weak Reference
    _atexit_init                              - Undefined Weak Reference
    _call_atexit_fns                          - Undefined Weak Reference
    _clock_init                               - Undefined Weak Reference
    _fp_trap_init                             - Undefined Weak Reference
    _fp_trap_shutdown                         - Undefined Weak Reference
    _get_lc_collate                           - Undefined Weak Reference
    _get_lc_ctype                             - Undefined Weak Reference
    _get_lc_monetary                          - Undefined Weak Reference
    _get_lc_numeric                           - Undefined Weak Reference
    _get_lc_time                              - Undefined Weak Reference
    _getenv_init                              - Undefined Weak Reference
    _handle_redirection                       - Undefined Weak Reference
    _init_alloc                               - Undefined Weak Reference
    _init_user_alloc                          - Undefined Weak Reference
    _initio                                   - Undefined Weak Reference
    _rand_init                                - Undefined Weak Reference
    _signal_finish                            - Undefined Weak Reference
    _signal_init                              - Undefined Weak Reference
    _terminate_alloc                          - Undefined Weak Reference
    _terminate_user_alloc                     - Undefined Weak Reference
    _terminateio                              - Undefined Weak Reference
    __main                                   0x00000401   Thumb Code     8  __main.o(!!!main)
    __scatterload                            0x00000409   Thumb Code     0  __scatter.o(!!!scatter)
    __scatterload_rt2                        0x00000409   Thumb Code    44  __scatter.o(!!!scatter)
    __scatterload_rt2_thumb_only             0x00000409   Thumb Code     0  __scatter.o(!!!scatter)
    __scatterload_null                       0x00000417   Thumb Code     0  __scatter.o(!!!scatter)
    __scatterload_copy                       0x0000043d   Thumb Code    26  __scatter_copy.o(!!handler_copy)
    __scatterload_zeroinit                   0x00000459   Thumb Code    28  __scatter_zi.o(!!handler_zi)
    __rt_lib_init                            0x00000475   Thumb Code     0  libinit.o(.ARM.Collect$$libinit$$00000000)
    __rt_lib_init_fp_1                       0x00000477   Thumb Code     0  libinit2.o(.ARM.Collect$$libinit$$00000001)
    __rt_lib_init_alloca_1                   0x0000047b   Thumb Code     0  libinit2.o(.ARM.Collect$$libinit$$0000002E)
    __rt_lib_init_argv_1                     0x0000047b   Thumb Code     0  libinit2.o(.ARM.Collect$$libinit$$0000002C)
    __rt_lib_init_atexit_1                   0x0000047b   Thumb Code     0  libinit2.o(.ARM.Collect$$libinit$$0000001B)
    __rt_lib_init_clock_1                    0x0000047b   Thumb Code     0  libinit2.o(.ARM.Collect$$libinit$$00000021)
    __rt_lib_init_cpp_1                      0x0000047b   Thumb Code     0  libinit2.o(.ARM.Collect$$libinit$$00000032)
    __rt_lib_init_exceptions_1               0x0000047b   Thumb Code     0  libinit2.o(.ARM.Collect$$libinit$$00000030)
    __rt_lib_init_fp_trap_1                  0x0000047b   Thumb Code     0  libinit2.o(.ARM.Collect$$libinit$$0000001F)
    __rt_lib_init_getenv_1                   0x0000047b   Thumb Code     0  libinit2.o(.ARM.Collect$$libinit$$00000023)
    __rt_lib_init_heap_1                     0x0000047b   Thumb Code     0  libinit2.o(.ARM.Collect$$libinit$$0000000A)
    __rt_lib_init_lc_collate_1               0x0000047b   Thumb Code     0  libinit2.o(.ARM.Collect$$libinit$$00000011)
    __rt_lib_init_lc_ctype_1                 0x0000047b   Thumb Code     0  libinit2.o(.ARM.Collect$$libinit$$00000013)
    __rt_lib_init_lc_monetary_1              0x0000047b   Thumb Code     0  libinit2.o(.ARM.Collect$$libinit$$00000015)
    __rt_lib_init_lc_numeric_1               0x0000047b   Thumb Code     0  libinit2.o(.ARM.Collect$$libinit$$00000017)
    __rt_lib_init_lc_time_1                  0x0000047b   Thumb Code     0  libinit2.o(.ARM.Collect$$libinit$$00000019)
    __rt_lib_init_preinit_1                  0x0000047b   Thumb Code     0  libinit2.o(.ARM.Collect$$libinit$$00000004)
    __rt_lib_init_rand_1                     0x0000047b   Thumb Code     0  libinit2.o(.ARM.Collect$$libinit$$0000000E)
    __rt_lib_init_return                     0x0000047b   Thumb Code     0  libinit2.o(.ARM.Collect$$libinit$$00000033)
    __rt_lib_init_signal_1                   0x0000047b   Thumb Code     0  libinit2.o(.ARM.Collect$$libinit$$0000001D)
    __rt_lib_init_stdio_1                    0x0000047b   Thumb Code     0  libinit2.o(.ARM.Collect$$libinit$$00000025)
    __rt_lib_init_user_alloc_1               0x0000047b   Thumb Code     0  libinit2.o(.ARM.Collect$$libinit$$0000000C)
    __rt_lib_shutdown                        0x0000047d   Thumb Code     0  libshutdown.o(.ARM.Collect$$libshutdown$$00000000)
    __rt_lib_shutdown_cpp_1                  0x0000047f   Thumb Code     0  libshutdown2.o(.ARM.Collect$$libshutdown$$00000002)
    __rt_lib_shutdown_fp_trap_1              0x0000047f   Thumb Code     0  libshutdown2.o(.ARM.Collect$$libshutdown$$00000007)
    __rt_lib_shutdown_heap_1                 0x0000047f   Thumb Code     0  libshutdown2.o(.ARM.Collect$$libshutdown$$0000000F)
    __rt_lib_shutdown_return                 0x0000047f   Thumb Code     0  libshutdown2.o(.ARM.Collect$$libshutdown$$00000010)
    __rt_lib_shutdown_signal_1               0x0000047f   Thumb Code     0  libshutdown2.o(.ARM.Collect$$libshutdown$$0000000A)
    __rt_lib_shutdown_stdio_1                0x0000047f   Thumb Code     0  libshutdown2.o(.ARM.Collect$$libshutdown$$00000004)
    __rt_lib_shutdown_user_alloc_1           0x0000047f   Thumb Code     0  libshutdown2.o(.ARM.Collect$$libshutdown$$0000000C)
    __rt_entry                               0x00000481   Thumb Code     0  __rtentry.o(.ARM.Collect$$rtentry$$00000000)
    __rt_entry_presh_1                       0x00000481   Thumb Code     0  __rtentry2.o(.ARM.Collect$$rtentry$$00000002)
    __rt_entry_sh                            0x00000481   Thumb Code     0  __rtentry7.o(.ARM.Collect$$rtentry$$00000007)
    __rt_entry_li                            0x00000485   Thumb Code     0  __rtentry2.o(.ARM.Collect$$rtentry$$0000000A)
    __rt_entry_postsh_1                      0x00000485   Thumb Code     0  __rtentry2.o(.ARM.Collect$$rtentry$$00000009)
    __rt_entry_main                          0x00000489   Thumb Code     0  __rtentry2.o(.ARM.Collect$$rtentry$$0000000D)
    __rt_entry_postli_1                      0x00000489   Thumb Code     0  __rtentry2.o(.ARM.Collect$$rtentry$$0000000C)
    __rt_exit                                0x00000495   Thumb Code     0  rtexit.o(.ARM.Collect$$rtexit$$00000000)
    __rt_exit_ls                             0x00000497   Thumb Code     0  rtexit2.o(.ARM.Collect$$rtexit$$00000003)
    __rt_exit_prels_1                        0x00000497   Thumb Code     0  rtexit2.o(.ARM.Collect$$rtexit$$00000002)
    __rt_exit_exit                           0x0000049b   Thumb Code     0  rtexit2.o(.ARM.Collect$$rtexit$$00000004)
    __aeabi_memcpy4                          0x000004a1   Thumb Code     0  rt_memcpy_w.o(.text)
    __aeabi_memcpy8                          0x000004a1   Thumb Code     0  rt_memcpy_w.o(.text)
    __rt_memcpy_w                            0x000004a1   Thumb Code   100  rt_memcpy_w.o(.text)
    _memcpy_lastbytes_aligned                0x000004e9   Thumb Code     0  rt_memcpy_w.o(.text)
    __aeabi_memclr4                          0x00000505   Thumb Code     0  rt_memclr_w.o(.text)
    __aeabi_memclr8                          0x00000505   Thumb Code     0  rt_memclr_w.o(.text)
    __rt_memclr_w                            0x00000505   Thumb Code    78  rt_memclr_w.o(.text)
    _memset_w                                0x00000509   Thumb Code     0  rt_memclr_w.o(.text)
    exit                                     0x00000553   Thumb Code    18  exit.o(.text)
    _sys_exit                                0x00000565   Thumb Code     8  sys_exit.o(.text)
    __I$use$semihosting                      0x00000571   Thumb Code     0  use_no_semi.o(.text)
    __use_no_semihosting_swi                 0x00000571   Thumb Code     2  use_no_semi.o(.text)
    __semihosting_library_function           0x00000573   Thumb Code     0  indicate_semi.o(.text)
    ARM_VSI0_Handler                         0x00000579   Thumb Code     2  startup_cmsdk_cm7.o(.text.Default_Handler)
    ARM_VSI1_Handler                         0x00000579   Thumb Code     2  startup_cmsdk_cm7.o(.text.Default_Handler)
    ARM_VSI2_Handler                         0x00000579   Thumb Code     2  startup_cmsdk_cm7.o(.text.Default_Handler)
    ARM_VSI3_Handler                         0x00000579   Thumb Code     2  startup_cmsdk_cm7.o(.text.Default_Handler)
    ARM_VSI4_Handler                         0x00000579   Thumb Code     2  startup_cmsdk_cm7.o(.text.Default_Handler)
    ARM_VSI5_Handler                         0x00000579   Thumb Code     2  startup_cmsdk_cm7.o(.text.Default_Handler)
    ARM_VSI6_Handler                         0x00000579   Thumb Code     2  startup_cmsdk_cm7.o(.text.Default_Handler)
    ARM_VSI7_Handler                         0x00000579   Thumb Code     2  startup_cmsdk_cm7.o(.text.Default_Handler)
    BusFault_Handler                         0x00000579   Thumb Code     2  startup_cmsdk_cm7.o(.text.Default_Handler)
    DUALTIMER_Handler                        0x00000579   Thumb Code     2  startup_cmsdk_cm7.o(.text.Default_Handler)
    DebugMon_Handler                         0x00000579   Thumb Code     2  startup_cmsdk_cm7.o(.text.Default_Handler)
    Default_Handler                          0x00000579   Thumb Code     2  startup_cmsdk_cm7.o(.text.Default_Handler)
    ETHERNET_Handler                         0x00000579   Thumb Code     2  startup_cmsdk_cm7.o(.text.Default_Handler)
    GPIO0ALL_Handler                         0x00000579   Thumb Code     2  startup_cmsdk_cm7.o(.text.Default_Handler)
    GPIO0_0_Handler                          0x00000579   Thumb Code     2  startup_cmsdk_cm7.o(.text.Default_Handler)
    GPIO0_1_Handler                          0x00000579   Thumb Code     2  startup_cmsdk_cm7.o(.text.Default_Handler)
    GPIO0_2_Handler                          0x00000579   Thumb Code     2  startup_cmsdk_cm7.o(.text.Default_Handler)
    GPIO0_3_Handler                          0x00000579   Thumb Code     2  startup_cmsdk_cm7.o(.text.Default_Handler)
    GPIO0_4_Handler                          0x00000579   Thumb Code     2  startup_cmsdk_cm7.o(.text.Default_Handler)
    GPIO0_5_Handler                          0x00000579   Thumb Code     2  startup_cmsdk_cm7.o(.text.Default_Handler)
    GPIO0_6_Handler                          0x00000579   Thumb Code     2  startup_cmsdk_cm7.o(.text.Default_Handler)
    GPIO0_7_Handler                          0x00000579   Thumb Code     2  startup_cmsdk_cm7.o(.text.Default_Handler)
    GPIO1ALL_Handler                         0x00000579   Thumb Code     2  startup_cmsdk_cm7.o(.text.Default_Handler)
    GPIO2_Handler                            0x00000579   Thumb Code     2  startup_cmsdk_cm7.o(.text.Default_Handler)
    GPIO3_Handler                            0x00000579   Thumb Code     2  startup_cmsdk_cm7.o(.text.Default_Handler)
    I2S_Handler                              0x00000579   Thumb Code     2  startup_cmsdk_cm7.o(.text.Default_Handler)
    MemManage_Handler                        0x00000579   Thumb Code     2  startup_cmsdk_cm7.o(.text.Default_Handler)
    NMI_Handler                              0x00000579   Thumb Code     2  startup_cmsdk_cm7.o(.text.Default_Handler)
    PendSV_Handler                           0x00000579   Thumb Code     2  startup_cmsdk_cm7.o(.text.Default_Handler)
    SPI_0_1_Handler                          0x00000579   Thumb Code     2  startup_cmsdk_cm7.o(.text.Default_Handler)
    SPI_2_Handler                            0x00000579   Thumb Code     2  startup_cmsdk_cm7.o(.text.Default_Handler)
    SPI_3_4_Handler                          0x00000579   Thumb Code     2  startup_cmsdk_cm7.o(.text.Default_Handler)
    SVC_Handler                              0x00000579   Thumb Code     2  startup_cmsdk_cm7.o(.text.Default_Handler)
    SysTick_Handler                          0x00000579   Thumb Code     2  startup_cmsdk_cm7.o(.text.Default_Handler)
    TIMER0_Handler                           0x00000579   Thumb Code     2  startup_cmsdk_cm7.o(.text.Default_Handler)
    TIMER1_Handler                           0x00000579   Thumb Code     2  startup_cmsdk_cm7.o(.text.Default_Handler)
    TOUCHSCREEN_Handler                      0x00000579   Thumb Code     2  startup_cmsdk_cm7.o(.text.Default_Handler)
    UART0RX_Handler                          0x00000579   Thumb Code     2  startup_cmsdk_cm7.o(.text.Default_Handler)
    UART0TX_Handler                          0x00000579   Thumb Code     2  startup_cmsdk_cm7.o(.text.Default_Handler)
    UART1RX_Handler                          0x00000579   Thumb Code     2  startup_cmsdk_cm7.o(.text.Default_Handler)
    UART1TX_Handler                          0x00000579   Thumb Code     2  startup_cmsdk_cm7.o(.text.Default_Handler)
    UART2RX_Handler                          0x00000579   Thumb Code     2  startup_cmsdk_cm7.o(.text.Default_Handler)
    UART2TX_Handler                          0x00000579   Thumb Code     2  startup_cmsdk_cm7.o(.text.Default_Handler)
    UART3RX_Handler                          0x00000579   Thumb Code     2  startup_cmsdk_cm7.o(.text.Default_Handler)
    UART3TX_Handler                          0x00000579   Thumb Code     2  startup_cmsdk_cm7.o(.text.Default_Handler)
    UART4RX_Handler                          0x00000579   Thumb Code     2  startup_cmsdk_cm7.o(.text.Default_Handler)
    UART4TX_Handler                          0x00000579   Thumb Code     2  startup_cmsdk_cm7.o(.text.Default_Handler)
    UART_0_1_2_OVF_Handler                   0x00000579   Thumb Code     2  startup_cmsdk_cm7.o(.text.Default_Handler)
    UsageFault_Handler                       0x00000579   Thumb Code     2  startup_cmsdk_cm7.o(.text.Default_Handler)
    HardFault_Handler                        0x00000581   Thumb Code     2  startup_cmsdk_cm7.o(.text.HardFault_Handler)
    LED_Initialize                           0x00000589   Thumb Code    16  led_v2m-mps2.o(.text.LED_Initialize)
    LED_On                                   0x00000599   Thumb Code    28  led_v2m-mps2.o(.text.LED_On)
    Reset_Handler                            0x000005b9   Thumb Code     8  startup_cmsdk_cm7.o(.text.Reset_Handler)
    SystemInit                               0x000005c1   Thumb Code    48  system_cmsdk_cm7.o(.text.SystemInit)
    arm_bitreversal_f32                      0x000005f1   Thumb Code   174  transformfunctions.o(.text.arm_bitreversal_f32)
    arm_cfft_radix4_f32                      0x000006a1   Thumb Code    62  transformfunctions.o(.text.arm_cfft_radix4_f32)
    arm_cfft_radix4_init_f32                 0x000006e1   Thumb Code   148  transformfunctions.o(.text.arm_cfft_radix4_init_f32)
    arm_cos_f32                              0x00000779   Thumb Code   144  fastmathfunctions.o(.text.arm_cos_f32)
    arm_fir_f32                              0x00000809   Thumb Code   156  filteringfunctions.o(.text.arm_fir_f32)
    arm_fir_init_f32                         0x000008a9   Thumb Code    36  filteringfunctions.o(.text.arm_fir_init_f32)
    arm_radix4_butterfly_f32                 0x000008d1   Thumb Code   406  transformfunctions.o(.text.arm_radix4_butterfly_f32)
    arm_radix4_butterfly_inverse_f32         0x00000a69   Thumb Code   622  transformfunctions.o(.text.arm_radix4_butterfly_inverse_f32)
    arm_sin_f32                              0x00000cd9   Thumb Code   140  fastmathfunctions.o(.text.arm_sin_f32)
    main                                     0x00000d69   Thumb Code   504  main.o(.text.main)
    _fp_init                                 0x00000f61   Thumb Code    26  fpinit.o(x$fpl$fpinit)
    __fplib_config_fpu_vfp                   0x00000f79   Thumb Code     0  fpinit.o(x$fpl$fpinit)
    __fplib_config_pureend_doubles           0x00000f79   Thumb Code     0  fpinit.o(x$fpl$fpinit)
    armBitRevTable                           0x00000f7a   Data        2048  commontables.o(.rodata.armBitRevTable)
    sinTable_f32                             0x0000177c   Data        2052  commontables.o(.rodata.sinTable_f32)
    twiddleCoef_4096                         0x00001f80   Data       32768  commontables.o(.rodata.twiddleCoef_4096)
    Region$$Table$$Base                      0x00009f80   Number         0  anon$$obj.o(Region$$Table)
    Region$$Table$$Limit                     0x00009fa0   Number         0  anon$$obj.o(Region$$Table)
    SystemCoreClock                          0x20000000   Data           4  system_cmsdk_cm7.o(.data.SystemCoreClock)
    Image$$ARM_LIB_HEAP$$ZI$$Base            0x2001a038   Number         0  anon$$obj.o ABSOLUTE
    Image$$ARM_LIB_HEAP$$ZI$$Limit           0x2001ac38   Number         0  anon$$obj.o ABSOLUTE
    Image$$ARM_LIB_STACK$$ZI$$Limit          0x20040000   Number         0  anon$$obj.o ABSOLUTE



==============================================================================

Memory Map of the image

  Image Entry point : 0x00000401

  Load Region LR_ROM (Base: 0x00000000, Size: 0x00009fd4, Max: 0x00080000, ABSOLUTE)

    Execution Region ER_ROM (Exec base: 0x00000000, Load base: 0x00000000, Size: 0x00009fa0, Max: 0x00080000, ABSOLUTE)

    Exec Addr    Load Addr    Size         Type   Attr      Idx    E Section Name        Object

    0x00000000   0x00000000   0x00000400   Data   RO         1831    RESET               startup_cmsdk_cm7.o
    0x00000400   0x00000400   0x00000008   Code   RO         1866  * !!!main             c_w.l(__main.o)
    0x00000408   0x00000408   0x00000034   Code   RO         2215    !!!scatter          c_w.l(__scatter.o)
    0x0000043c   0x0000043c   0x0000001a   Code   RO         2217    !!handler_copy      c_w.l(__scatter_copy.o)
    0x00000456   0x00000456   0x00000002   PAD
    0x00000458   0x00000458   0x0000001c   Code   RO         2219    !!handler_zi        c_w.l(__scatter_zi.o)
    0x00000474   0x00000474   0x00000002   Code   RO         2074    .ARM.Collect$$libinit$$00000000  c_w.l(libinit.o)
    0x00000476   0x00000476   0x00000004   Code   RO         2087    .ARM.Collect$$libinit$$00000001  c_w.l(libinit2.o)
    0x0000047a   0x0000047a   0x00000000   Code   RO         2090    .ARM.Collect$$libinit$$00000004  c_w.l(libinit2.o)
    0x0000047a   0x0000047a   0x00000000   Code   RO         2093    .ARM.Collect$$libinit$$0000000A  c_w.l(libinit2.o)
    0x0000047a   0x0000047a   0x00000000   Code   RO         2095    .ARM.Collect$$libinit$$0000000C  c_w.l(libinit2.o)
    0x0000047a   0x0000047a   0x00000000   Code   RO         2097    .ARM.Collect$$libinit$$0000000E  c_w.l(libinit2.o)
    0x0000047a   0x0000047a   0x00000000   Code   RO         2100    .ARM.Collect$$libinit$$00000011  c_w.l(libinit2.o)
    0x0000047a   0x0000047a   0x00000000   Code   RO         2102    .ARM.Collect$$libinit$$00000013  c_w.l(libinit2.o)
    0x0000047a   0x0000047a   0x00000000   Code   RO         2104    .ARM.Collect$$libinit$$00000015  c_w.l(libinit2.o)
    0x0000047a   0x0000047a   0x00000000   Code   RO         2106    .ARM.Collect$$libinit$$00000017  c_w.l(libinit2.o)
    0x0000047a   0x0000047a   0x00000000   Code   RO         2108    .ARM.Collect$$libinit$$00000019  c_w.l(libinit2.o)
    0x0000047a   0x0000047a   0x00000000   Code   RO         2110    .ARM.Collect$$libinit$$0000001B  c_w.l(libinit2.o)
    0x0000047a   0x0000047a   0x00000000   Code   RO         2112    .ARM.Collect$$libinit$$0000001D  c_w.l(libinit2.o)
    0x0000047a   0x0000047a   0x00000000   Code   RO         2114    .ARM.Collect$$libinit$$0000001F  c_w.l(libinit2.o)
    0x0000047a   0x0000047a   0x00000000   Code   RO         2116    .ARM.Collect$$libinit$$00000021  c_w.l(libinit2.o)
    0x0000047a   0x0000047a   0x00000000   Code   RO         2118    .ARM.Collect$$libinit$$00000023  c_w.l(libinit2.o)
    0x0000047a   0x0000047a   0x00000000   Code   RO         2120    .ARM.Collect$$libinit$$00000025  c_w.l(libinit2.o)
    0x0000047a   0x0000047a   0x00000000   Code   RO         2124    .ARM.Collect$$libinit$$0000002C  c_w.l(libinit2.o)
    0x0000047a   0x0000047a   0x00000000   Code   RO         2126    .ARM.Collect$$libinit$$0000002E  c_w.l(libinit2.o)
    0x0000047a   0x0000047a   0x00000000   Code   RO         2128    .ARM.Collect$$libinit$$00000030  c_w.l(libinit2.o)
    0x0000047a   0x0000047a   0x00000000   Code   RO         2130    .ARM.Collect$$libinit$$00000032  c_w.l(libinit2.o)
    0x0000047a   0x0000047a   0x00000002   Code   RO         2131    .ARM.Collect$$libinit$$00000033  c_w.l(libinit2.o)
    0x0000047c   0x0000047c   0x00000002   Code   RO         2170    .ARM.Collect$$libshutdown$$00000000  c_w.l(libshutdown.o)
    0x0000047e   0x0000047e   0x00000000   Code   RO         2198    .ARM.Collect$$libshutdown$$00000002  c_w.l(libshutdown2.o)
    0x0000047e   0x0000047e   0x00000000   Code   RO         2200    .ARM.Collect$$libshutdown$$00000004  c_w.l(libshutdown2.o)
    0x0000047e   0x0000047e   0x00000000   Code   RO         2203    .ARM.Collect$$libshutdown$$00000007  c_w.l(libshutdown2.o)
    0x0000047e   0x0000047e   0x00000000   Code   RO         2206    .ARM.Collect$$libshutdown$$0000000A  c_w.l(libshutdown2.o)
    0x0000047e   0x0000047e   0x00000000   Code   RO         2208    .ARM.Collect$$libshutdown$$0000000C  c_w.l(libshutdown2.o)
    0x0000047e   0x0000047e   0x00000000   Code   RO         2211    .ARM.Collect$$libshutdown$$0000000F  c_w.l(libshutdown2.o)
    0x0000047e   0x0000047e   0x00000002   Code   RO         2212    .ARM.Collect$$libshutdown$$00000010  c_w.l(libshutdown2.o)
    0x00000480   0x00000480   0x00000000   Code   RO         1982    .ARM.Collect$$rtentry$$00000000  c_w.l(__rtentry.o)
    0x00000480   0x00000480   0x00000000   Code   RO         2032    .ARM.Collect$$rtentry$$00000002  c_w.l(__rtentry2.o)
    0x00000480   0x00000480   0x00000004   Code   RO         2046    .ARM.Collect$$rtentry$$00000007  c_w.l(__rtentry7.o)
    0x00000484   0x00000484   0x00000000   Code   RO         2034    .ARM.Collect$$rtentry$$00000009  c_w.l(__rtentry2.o)
    0x00000484   0x00000484   0x00000004   Code   RO         2035    .ARM.Collect$$rtentry$$0000000A  c_w.l(__rtentry2.o)
    0x00000488   0x00000488   0x00000000   Code   RO         2037    .ARM.Collect$$rtentry$$0000000C  c_w.l(__rtentry2.o)
    0x00000488   0x00000488   0x00000008   Code   RO         2038    .ARM.Collect$$rtentry$$0000000D  c_w.l(__rtentry2.o)
    0x00000490   0x00000490   0x00000004   Code   RO         2047    .ARM.Collect$$rtentry$$00002718  c_w.l(__rtentry7.o)
    0x00000494   0x00000494   0x00000002   Code   RO         2079    .ARM.Collect$$rtexit$$00000000  c_w.l(rtexit.o)
    0x00000496   0x00000496   0x00000000   Code   RO         2144    .ARM.Collect$$rtexit$$00000002  c_w.l(rtexit2.o)
    0x00000496   0x00000496   0x00000004   Code   RO         2145    .ARM.Collect$$rtexit$$00000003  c_w.l(rtexit2.o)
    0x0000049a   0x0000049a   0x00000006   Code   RO         2146    .ARM.Collect$$rtexit$$00000004  c_w.l(rtexit2.o)
    0x000004a0   0x000004a0   0x00000064   Code   RO         1858    .text               c_w.l(rt_memcpy_w.o)
    0x00000504   0x00000504   0x0000004e   Code   RO         1864    .text               c_w.l(rt_memclr_w.o)
    0x00000552   0x00000552   0x00000012   Code   RO         2063    .text               c_w.l(exit.o)
    0x00000564   0x00000564   0x0000000c   Code   RO         2136    .text               c_w.l(sys_exit.o)
    0x00000570   0x00000570   0x00000002   Code   RO         2140    .text               c_w.l(use_no_semi.o)
    0x00000572   0x00000572   0x00000000   Code   RO         2142    .text               c_w.l(indicate_semi.o)
    0x00000572   0x00000572   0x00000006   PAD
    0x00000578   0x00000578   0x00000002   Code   RO         1825    .text.Default_Handler  startup_cmsdk_cm7.o
    0x0000057a   0x0000057a   0x00000006   PAD
    0x00000580   0x00000580   0x00000002   Code   RO         1829    .text.HardFault_Handler  startup_cmsdk_cm7.o
    0x00000582   0x00000582   0x00000006   PAD
    0x00000588   0x00000588   0x00000010   Code   RO           19    .text.LED_Initialize  led_v2m-mps2.o
    0x00000598   0x00000598   0x0000001c   Code   RO           23    .text.LED_On        led_v2m-mps2.o
    0x000005b4   0x000005b4   0x00000004   PAD
    0x000005b8   0x000005b8   0x00000008   Code   RO         1827    .text.Reset_Handler  startup_cmsdk_cm7.o
    0x000005c0   0x000005c0   0x00000030   Code   RO         1841    .text.SystemInit    system_cmsdk_cm7.o
    0x000005f0   0x000005f0   0x000000ae   Code   RO         1565    .text.arm_bitreversal_f32  transformfunctions.o
    0x0000069e   0x0000069e   0x00000002   PAD
    0x000006a0   0x000006a0   0x0000003e   Code   RO         1637    .text.arm_cfft_radix4_f32  transformfunctions.o
    0x000006de   0x000006de   0x00000002   PAD
    0x000006e0   0x000006e0   0x00000094   Code   RO         1743    .text.arm_cfft_radix4_init_f32  transformfunctions.o
    0x00000774   0x00000774   0x00000004   PAD
    0x00000778   0x00000778   0x00000090   Code   RO          634    .text.arm_cos_f32   fastmathfunctions.o
    0x00000808   0x00000808   0x0000009c   Code   RO          819    .text.arm_fir_f32   filteringfunctions.o
    0x000008a4   0x000008a4   0x00000004   PAD
    0x000008a8   0x000008a8   0x00000024   Code   RO          827    .text.arm_fir_init_f32  filteringfunctions.o
    0x000008cc   0x000008cc   0x00000004   PAD
    0x000008d0   0x000008d0   0x00000196   Code   RO         1641    .text.arm_radix4_butterfly_f32  transformfunctions.o
    0x00000a66   0x00000a66   0x00000002   PAD
    0x00000a68   0x00000a68   0x0000026e   Code   RO         1639    .text.arm_radix4_butterfly_inverse_f32  transformfunctions.o
    0x00000cd6   0x00000cd6   0x00000002   PAD
    0x00000cd8   0x00000cd8   0x0000008c   Code   RO          640    .text.arm_sin_f32   fastmathfunctions.o
    0x00000d64   0x00000d64   0x00000004   PAD
    0x00000d68   0x00000d68   0x000001f8   Code   RO            4    .text.main          main.o
    0x00000f60   0x00000f60   0x0000001a   Code   RO         2156    x$fpl$fpinit        fz_wv.l(fpinit.o)
    0x00000f7a   0x00000f7a   0x00000800   Data   RO          209    .rodata.armBitRevTable  commontables.o
    0x0000177a   0x0000177a   0x00000002   PAD
    0x0000177c   0x0000177c   0x00000804   Data   RO          321    .rodata.sinTable_f32  commontables.o
    0x00001f80   0x00001f80   0x00008000   Data   RO          227    .rodata.twiddleCoef_4096  commontables.o
    0x00009f80   0x00009f80   0x00000020   Data   RO         2214    Region$$Table       anon$$obj.o


    Execution Region RW_RAM (Exec base: 0x20000000, Load base: 0x00009fa0, Size: 0x0001a034, Max: 0x0003f200, ABSOLUTE)

    Exec Addr    Load Addr    Size         Type   Attr      Idx    E Section Name        Object

    0x20000000   0x00009fa0   0x00000004   Data   RW         1843    .data.SystemCoreClock  system_cmsdk_cm7.o
    0x20000004   0x00009fa4   0x00000030   Data   RW            6    .data.firCoeffs32LP  main.o
    0x20000034        -       0x0000a000   Zero   RW            7    .bss.data_buffer    main.o
    0x2000a034        -       0x00008000   Zero   RW            8    .bss.fft_buffer_in  main.o
    0x20012034        -       0x00008000   Zero   RW            9    .bss.fft_buffer_out  main.o


    Execution Region ARM_LIB_HEAP (Exec base: 0x2001a038, Load base: 0x00009fd4, Size: 0x00000c00, Max: 0x00000c00, ABSOLUTE)

    Exec Addr    Load Addr    Size         Type   Attr      Idx    E Section Name        Object

    0x2001a038        -       0x00000c00   Zero   RW            1    ARM_LIB_HEAP.bss    anon$$obj.o


    Execution Region ARM_LIB_STACK (Exec base: 0x2003fe00, Load base: 0x00009fd4, Size: 0x00000200, Max: 0x00000200, ABSOLUTE)

    Exec Addr    Load Addr    Size         Type   Attr      Idx    E Section Name        Object

    0x2003fe00        -       0x00000200   Zero   RW            2    ARM_LIB_STACK.bss   anon$$obj.o


==============================================================================

Image component sizes


      Code (inc. data)   RO Data    RW Data    ZI Data      Debug   Object Name

         0          0      36868          0          0      10833   commontables.o
       284         24          0          0          0      21631   fastmathfunctions.o
       192          4          0          0          0     182268   filteringfunctions.o
        44          0          0          0          0       1886   led_v2m-mps2.o
       504         20          0         48     106496       2107   main.o
        12          0       1024          0          0        939   startup_cmsdk_cm7.o
        48          0          0          4          0       2140   system_cmsdk_cm7.o
      1412         20          0          0          0      95473   transformfunctions.o

    ----------------------------------------------------------------------
      2536         80      37926         52     110080     317277   Object Totals
         0          0         32          0       3584          0   (incl. Generated)
        40         12          2          0          0          0   (incl. Padding)

    ----------------------------------------------------------------------

      Code (inc. data)   RO Data    RW Data    ZI Data      Debug   Library Member Name

         8          0          0          0          0         68   __main.o
         0          0          0          0          0          0   __rtentry.o
        12          0          0          0          0          0   __rtentry2.o
         8          4          0          0          0          0   __rtentry7.o
        52          8          0          0          0          0   __scatter.o
        26          0          0          0          0          0   __scatter_copy.o
        28          0          0          0          0          0   __scatter_zi.o
        18          0          0          0          0         80   exit.o
         0          0          0          0          0          0   indicate_semi.o
         2          0          0          0          0          0   libinit.o
         6          0          0          0          0          0   libinit2.o
         2          0          0          0          0          0   libshutdown.o
         2          0          0          0          0          0   libshutdown2.o
        78          0          0          0          0         80   rt_memclr_w.o
       100          0          0          0          0         80   rt_memcpy_w.o
         2          0          0          0          0          0   rtexit.o
        10          0          0          0          0          0   rtexit2.o
        12          4          0          0          0         68   sys_exit.o
         2          0          0          0          0         68   use_no_semi.o
        26          0          0          0          0        116   fpinit.o

    ----------------------------------------------------------------------
       402         16          0          0          0        560   Library Totals
         8          0          0          0          0          0   (incl. Padding)

    ----------------------------------------------------------------------

      Code (inc. data)   RO Data    RW Data    ZI Data      Debug   Library Name

       368         16          0          0          0        444   c_w.l
        26          0          0          0          0        116   fz_wv.l

    ----------------------------------------------------------------------
       402         16          0          0          0        560   Library Totals

    ----------------------------------------------------------------------

==============================================================================


      Code (inc. data)   RO Data    RW Data    ZI Data      Debug   

      2938         96      37926         52     110080     317737   Grand Totals
      2938         96      37926         52     110080     317737   ELF Image Totals
      2938         96      37926         52          0          0   ROM Totals

==============================================================================

    Total RO  Size (Code + RO Data)                40864 (  39.91kB)
    Total RW  Size (RW Data + ZI Data)            110132 ( 107.55kB)
    Total ROM Size (Code + RO Data + RW Data)      40916 (  39.96kB)

==============================================================================

