<!doctype html public "-//w3c//dtd html 4.0 transitional//en">
<html><head>
<title>Static Call Graph - [.\Objects\contex_m7_dsp_test.axf]</title></head>
<body><HR>
<H1>Static Call Graph for image .\Objects\contex_m7_dsp_test.axf</H1><HR>
<BR><P>#&#060CALLGRAPH&#062# ARM Linker, 6140101: Last Updated: Sat May 20 10:15:38 2023
<BR><P>
<H3>Maximum Stack Usage =        176 bytes + Unknown(Cycles, Untraceable Function Pointers)</H3><H3>
Call chain for Maximum Stack Depth:</H3>
__rt_entry_main &rArr; main &rArr; arm_cfft_radix4_f32 &rArr; arm_radix4_butterfly_inverse_f32
<P>
<H3>
Mutually Recursive functions
</H3> <LI><a href="#[2a]">ARM_VSI0_Handler</a>&nbsp;&nbsp;&nbsp;&rArr;&nbsp;&nbsp;&nbsp;<a href="#[2a]">ARM_VSI0_Handler</a><BR>
 <LI><a href="#[2]">HardFault_Handler</a>&nbsp;&nbsp;&nbsp;&rArr;&nbsp;&nbsp;&nbsp;<a href="#[2]">HardFault_Handler</a><BR>
</UL>
<P>
<H3>
Function Pointers
</H3><UL>
 <LI><a href="#[2a]">ARM_VSI0_Handler</a> from startup_cmsdk_cm7.o(.text.Default_Handler) referenced from startup_cmsdk_cm7.o(RESET)
 <LI><a href="#[2b]">ARM_VSI1_Handler</a> from startup_cmsdk_cm7.o(.text.Default_Handler) referenced from startup_cmsdk_cm7.o(RESET)
 <LI><a href="#[2c]">ARM_VSI2_Handler</a> from startup_cmsdk_cm7.o(.text.Default_Handler) referenced from startup_cmsdk_cm7.o(RESET)
 <LI><a href="#[2d]">ARM_VSI3_Handler</a> from startup_cmsdk_cm7.o(.text.Default_Handler) referenced from startup_cmsdk_cm7.o(RESET)
 <LI><a href="#[2e]">ARM_VSI4_Handler</a> from startup_cmsdk_cm7.o(.text.Default_Handler) referenced from startup_cmsdk_cm7.o(RESET)
 <LI><a href="#[2f]">ARM_VSI5_Handler</a> from startup_cmsdk_cm7.o(.text.Default_Handler) referenced from startup_cmsdk_cm7.o(RESET)
 <LI><a href="#[30]">ARM_VSI6_Handler</a> from startup_cmsdk_cm7.o(.text.Default_Handler) referenced from startup_cmsdk_cm7.o(RESET)
 <LI><a href="#[31]">ARM_VSI7_Handler</a> from startup_cmsdk_cm7.o(.text.Default_Handler) referenced from startup_cmsdk_cm7.o(RESET)
 <LI><a href="#[4]">BusFault_Handler</a> from startup_cmsdk_cm7.o(.text.Default_Handler) referenced from startup_cmsdk_cm7.o(RESET)
 <LI><a href="#[14]">DUALTIMER_Handler</a> from startup_cmsdk_cm7.o(.text.Default_Handler) referenced from startup_cmsdk_cm7.o(RESET)
 <LI><a href="#[7]">DebugMon_Handler</a> from startup_cmsdk_cm7.o(.text.Default_Handler) referenced from startup_cmsdk_cm7.o(RESET)
 <LI><a href="#[17]">ETHERNET_Handler</a> from startup_cmsdk_cm7.o(.text.Default_Handler) referenced from startup_cmsdk_cm7.o(RESET)
 <LI><a href="#[10]">GPIO0ALL_Handler</a> from startup_cmsdk_cm7.o(.text.Default_Handler) referenced from startup_cmsdk_cm7.o(RESET)
 <LI><a href="#[22]">GPIO0_0_Handler</a> from startup_cmsdk_cm7.o(.text.Default_Handler) referenced from startup_cmsdk_cm7.o(RESET)
 <LI><a href="#[23]">GPIO0_1_Handler</a> from startup_cmsdk_cm7.o(.text.Default_Handler) referenced from startup_cmsdk_cm7.o(RESET)
 <LI><a href="#[24]">GPIO0_2_Handler</a> from startup_cmsdk_cm7.o(.text.Default_Handler) referenced from startup_cmsdk_cm7.o(RESET)
 <LI><a href="#[25]">GPIO0_3_Handler</a> from startup_cmsdk_cm7.o(.text.Default_Handler) referenced from startup_cmsdk_cm7.o(RESET)
 <LI><a href="#[26]">GPIO0_4_Handler</a> from startup_cmsdk_cm7.o(.text.Default_Handler) referenced from startup_cmsdk_cm7.o(RESET)
 <LI><a href="#[27]">GPIO0_5_Handler</a> from startup_cmsdk_cm7.o(.text.Default_Handler) referenced from startup_cmsdk_cm7.o(RESET)
 <LI><a href="#[28]">GPIO0_6_Handler</a> from startup_cmsdk_cm7.o(.text.Default_Handler) referenced from startup_cmsdk_cm7.o(RESET)
 <LI><a href="#[29]">GPIO0_7_Handler</a> from startup_cmsdk_cm7.o(.text.Default_Handler) referenced from startup_cmsdk_cm7.o(RESET)
 <LI><a href="#[11]">GPIO1ALL_Handler</a> from startup_cmsdk_cm7.o(.text.Default_Handler) referenced from startup_cmsdk_cm7.o(RESET)
 <LI><a href="#[1a]">GPIO2_Handler</a> from startup_cmsdk_cm7.o(.text.Default_Handler) referenced from startup_cmsdk_cm7.o(RESET)
 <LI><a href="#[1b]">GPIO3_Handler</a> from startup_cmsdk_cm7.o(.text.Default_Handler) referenced from startup_cmsdk_cm7.o(RESET)
 <LI><a href="#[2]">HardFault_Handler</a> from startup_cmsdk_cm7.o(.text.HardFault_Handler) referenced from startup_cmsdk_cm7.o(RESET)
 <LI><a href="#[18]">I2S_Handler</a> from startup_cmsdk_cm7.o(.text.Default_Handler) referenced from startup_cmsdk_cm7.o(RESET)
 <LI><a href="#[3]">MemManage_Handler</a> from startup_cmsdk_cm7.o(.text.Default_Handler) referenced from startup_cmsdk_cm7.o(RESET)
 <LI><a href="#[1]">NMI_Handler</a> from startup_cmsdk_cm7.o(.text.Default_Handler) referenced from startup_cmsdk_cm7.o(RESET)
 <LI><a href="#[8]">PendSV_Handler</a> from startup_cmsdk_cm7.o(.text.Default_Handler) referenced from startup_cmsdk_cm7.o(RESET)
 <LI><a href="#[0]">Reset_Handler</a> from startup_cmsdk_cm7.o(.text.Reset_Handler) referenced from startup_cmsdk_cm7.o(RESET)
 <LI><a href="#[15]">SPI_0_1_Handler</a> from startup_cmsdk_cm7.o(.text.Default_Handler) referenced from startup_cmsdk_cm7.o(RESET)
 <LI><a href="#[20]">SPI_2_Handler</a> from startup_cmsdk_cm7.o(.text.Default_Handler) referenced from startup_cmsdk_cm7.o(RESET)
 <LI><a href="#[21]">SPI_3_4_Handler</a> from startup_cmsdk_cm7.o(.text.Default_Handler) referenced from startup_cmsdk_cm7.o(RESET)
 <LI><a href="#[6]">SVC_Handler</a> from startup_cmsdk_cm7.o(.text.Default_Handler) referenced from startup_cmsdk_cm7.o(RESET)
 <LI><a href="#[9]">SysTick_Handler</a> from startup_cmsdk_cm7.o(.text.Default_Handler) referenced from startup_cmsdk_cm7.o(RESET)
 <LI><a href="#[12]">TIMER0_Handler</a> from startup_cmsdk_cm7.o(.text.Default_Handler) referenced from startup_cmsdk_cm7.o(RESET)
 <LI><a href="#[13]">TIMER1_Handler</a> from startup_cmsdk_cm7.o(.text.Default_Handler) referenced from startup_cmsdk_cm7.o(RESET)
 <LI><a href="#[19]">TOUCHSCREEN_Handler</a> from startup_cmsdk_cm7.o(.text.Default_Handler) referenced from startup_cmsdk_cm7.o(RESET)
 <LI><a href="#[a]">UART0RX_Handler</a> from startup_cmsdk_cm7.o(.text.Default_Handler) referenced from startup_cmsdk_cm7.o(RESET)
 <LI><a href="#[b]">UART0TX_Handler</a> from startup_cmsdk_cm7.o(.text.Default_Handler) referenced from startup_cmsdk_cm7.o(RESET)
 <LI><a href="#[c]">UART1RX_Handler</a> from startup_cmsdk_cm7.o(.text.Default_Handler) referenced from startup_cmsdk_cm7.o(RESET)
 <LI><a href="#[d]">UART1TX_Handler</a> from startup_cmsdk_cm7.o(.text.Default_Handler) referenced from startup_cmsdk_cm7.o(RESET)
 <LI><a href="#[e]">UART2RX_Handler</a> from startup_cmsdk_cm7.o(.text.Default_Handler) referenced from startup_cmsdk_cm7.o(RESET)
 <LI><a href="#[f]">UART2TX_Handler</a> from startup_cmsdk_cm7.o(.text.Default_Handler) referenced from startup_cmsdk_cm7.o(RESET)
 <LI><a href="#[1c]">UART3RX_Handler</a> from startup_cmsdk_cm7.o(.text.Default_Handler) referenced from startup_cmsdk_cm7.o(RESET)
 <LI><a href="#[1d]">UART3TX_Handler</a> from startup_cmsdk_cm7.o(.text.Default_Handler) referenced from startup_cmsdk_cm7.o(RESET)
 <LI><a href="#[1e]">UART4RX_Handler</a> from startup_cmsdk_cm7.o(.text.Default_Handler) referenced from startup_cmsdk_cm7.o(RESET)
 <LI><a href="#[1f]">UART4TX_Handler</a> from startup_cmsdk_cm7.o(.text.Default_Handler) referenced from startup_cmsdk_cm7.o(RESET)
 <LI><a href="#[16]">UART_0_1_2_OVF_Handler</a> from startup_cmsdk_cm7.o(.text.Default_Handler) referenced from startup_cmsdk_cm7.o(RESET)
 <LI><a href="#[5]">UsageFault_Handler</a> from startup_cmsdk_cm7.o(.text.Default_Handler) referenced from startup_cmsdk_cm7.o(RESET)
</UL>
<P>
<H3>
Global Symbols
</H3>
<P><STRONG><a name="[32]"></a>__main</STRONG> (Thumb, 8 bytes, Stack size 0 bytes, __main.o(!!!main))
<BR><BR>[Calls]<UL><LI><a href="#[34]">&gt;&gt;</a>&nbsp;&nbsp;&nbsp;__rt_entry
<LI><a href="#[33]">&gt;&gt;</a>&nbsp;&nbsp;&nbsp;__scatterload
</UL>
<BR>[Called By]<UL><LI><a href="#[0]">&gt;&gt;</a>&nbsp;&nbsp;&nbsp;Reset_Handler
</UL>

<P><STRONG><a name="[33]"></a>__scatterload</STRONG> (Thumb, 0 bytes, Stack size unknown bytes, __scatter.o(!!!scatter))
<BR><BR>[Called By]<UL><LI><a href="#[32]">&gt;&gt;</a>&nbsp;&nbsp;&nbsp;__main
</UL>

<P><STRONG><a name="[35]"></a>__scatterload_rt2</STRONG> (Thumb, 44 bytes, Stack size unknown bytes, __scatter.o(!!!scatter), UNUSED)
<BR><BR>[Calls]<UL><LI><a href="#[34]">&gt;&gt;</a>&nbsp;&nbsp;&nbsp;__rt_entry
</UL>

<P><STRONG><a name="[51]"></a>__scatterload_rt2_thumb_only</STRONG> (Thumb, 0 bytes, Stack size unknown bytes, __scatter.o(!!!scatter), UNUSED)

<P><STRONG><a name="[52]"></a>__scatterload_null</STRONG> (Thumb, 0 bytes, Stack size unknown bytes, __scatter.o(!!!scatter), UNUSED)

<P><STRONG><a name="[36]"></a>__scatterload_copy</STRONG> (Thumb, 26 bytes, Stack size unknown bytes, __scatter_copy.o(!!handler_copy), UNUSED)
<BR><BR>[Calls]<UL><LI><a href="#[36]">&gt;&gt;</a>&nbsp;&nbsp;&nbsp;__scatterload_copy
</UL>
<BR>[Called By]<UL><LI><a href="#[36]">&gt;&gt;</a>&nbsp;&nbsp;&nbsp;__scatterload_copy
</UL>

<P><STRONG><a name="[53]"></a>__scatterload_zeroinit</STRONG> (Thumb, 28 bytes, Stack size unknown bytes, __scatter_zi.o(!!handler_zi), UNUSED)

<P><STRONG><a name="[3a]"></a>__rt_lib_init</STRONG> (Thumb, 0 bytes, Stack size unknown bytes, libinit.o(.ARM.Collect$$libinit$$00000000))
<BR><BR>[Called By]<UL><LI><a href="#[39]">&gt;&gt;</a>&nbsp;&nbsp;&nbsp;__rt_entry_li
</UL>

<P><STRONG><a name="[37]"></a>__rt_lib_init_fp_1</STRONG> (Thumb, 0 bytes, Stack size unknown bytes, libinit2.o(.ARM.Collect$$libinit$$00000001))
<BR><BR>[Calls]<UL><LI><a href="#[38]">&gt;&gt;</a>&nbsp;&nbsp;&nbsp;_fp_init
</UL>

<P><STRONG><a name="[54]"></a>__rt_lib_init_alloca_1</STRONG> (Thumb, 0 bytes, Stack size unknown bytes, libinit2.o(.ARM.Collect$$libinit$$0000002E))

<P><STRONG><a name="[55]"></a>__rt_lib_init_argv_1</STRONG> (Thumb, 0 bytes, Stack size unknown bytes, libinit2.o(.ARM.Collect$$libinit$$0000002C))

<P><STRONG><a name="[56]"></a>__rt_lib_init_atexit_1</STRONG> (Thumb, 0 bytes, Stack size unknown bytes, libinit2.o(.ARM.Collect$$libinit$$0000001B))

<P><STRONG><a name="[57]"></a>__rt_lib_init_clock_1</STRONG> (Thumb, 0 bytes, Stack size unknown bytes, libinit2.o(.ARM.Collect$$libinit$$00000021))

<P><STRONG><a name="[58]"></a>__rt_lib_init_cpp_1</STRONG> (Thumb, 0 bytes, Stack size unknown bytes, libinit2.o(.ARM.Collect$$libinit$$00000032))

<P><STRONG><a name="[59]"></a>__rt_lib_init_exceptions_1</STRONG> (Thumb, 0 bytes, Stack size unknown bytes, libinit2.o(.ARM.Collect$$libinit$$00000030))

<P><STRONG><a name="[5a]"></a>__rt_lib_init_fp_trap_1</STRONG> (Thumb, 0 bytes, Stack size unknown bytes, libinit2.o(.ARM.Collect$$libinit$$0000001F))

<P><STRONG><a name="[5b]"></a>__rt_lib_init_getenv_1</STRONG> (Thumb, 0 bytes, Stack size unknown bytes, libinit2.o(.ARM.Collect$$libinit$$00000023))

<P><STRONG><a name="[5c]"></a>__rt_lib_init_heap_1</STRONG> (Thumb, 0 bytes, Stack size unknown bytes, libinit2.o(.ARM.Collect$$libinit$$0000000A))

<P><STRONG><a name="[5d]"></a>__rt_lib_init_lc_collate_1</STRONG> (Thumb, 0 bytes, Stack size unknown bytes, libinit2.o(.ARM.Collect$$libinit$$00000011))

<P><STRONG><a name="[5e]"></a>__rt_lib_init_lc_ctype_1</STRONG> (Thumb, 0 bytes, Stack size unknown bytes, libinit2.o(.ARM.Collect$$libinit$$00000013))

<P><STRONG><a name="[5f]"></a>__rt_lib_init_lc_monetary_1</STRONG> (Thumb, 0 bytes, Stack size unknown bytes, libinit2.o(.ARM.Collect$$libinit$$00000015))

<P><STRONG><a name="[60]"></a>__rt_lib_init_lc_numeric_1</STRONG> (Thumb, 0 bytes, Stack size unknown bytes, libinit2.o(.ARM.Collect$$libinit$$00000017))

<P><STRONG><a name="[61]"></a>__rt_lib_init_lc_time_1</STRONG> (Thumb, 0 bytes, Stack size unknown bytes, libinit2.o(.ARM.Collect$$libinit$$00000019))

<P><STRONG><a name="[62]"></a>__rt_lib_init_preinit_1</STRONG> (Thumb, 0 bytes, Stack size unknown bytes, libinit2.o(.ARM.Collect$$libinit$$00000004))

<P><STRONG><a name="[63]"></a>__rt_lib_init_rand_1</STRONG> (Thumb, 0 bytes, Stack size unknown bytes, libinit2.o(.ARM.Collect$$libinit$$0000000E))

<P><STRONG><a name="[64]"></a>__rt_lib_init_return</STRONG> (Thumb, 0 bytes, Stack size unknown bytes, libinit2.o(.ARM.Collect$$libinit$$00000033))

<P><STRONG><a name="[65]"></a>__rt_lib_init_signal_1</STRONG> (Thumb, 0 bytes, Stack size unknown bytes, libinit2.o(.ARM.Collect$$libinit$$0000001D))

<P><STRONG><a name="[66]"></a>__rt_lib_init_stdio_1</STRONG> (Thumb, 0 bytes, Stack size unknown bytes, libinit2.o(.ARM.Collect$$libinit$$00000025))

<P><STRONG><a name="[67]"></a>__rt_lib_init_user_alloc_1</STRONG> (Thumb, 0 bytes, Stack size unknown bytes, libinit2.o(.ARM.Collect$$libinit$$0000000C))

<P><STRONG><a name="[3f]"></a>__rt_lib_shutdown</STRONG> (Thumb, 0 bytes, Stack size unknown bytes, libshutdown.o(.ARM.Collect$$libshutdown$$00000000))
<BR><BR>[Called By]<UL><LI><a href="#[3e]">&gt;&gt;</a>&nbsp;&nbsp;&nbsp;__rt_exit_ls
</UL>

<P><STRONG><a name="[68]"></a>__rt_lib_shutdown_cpp_1</STRONG> (Thumb, 0 bytes, Stack size unknown bytes, libshutdown2.o(.ARM.Collect$$libshutdown$$00000002))

<P><STRONG><a name="[69]"></a>__rt_lib_shutdown_fp_trap_1</STRONG> (Thumb, 0 bytes, Stack size unknown bytes, libshutdown2.o(.ARM.Collect$$libshutdown$$00000007))

<P><STRONG><a name="[6a]"></a>__rt_lib_shutdown_heap_1</STRONG> (Thumb, 0 bytes, Stack size unknown bytes, libshutdown2.o(.ARM.Collect$$libshutdown$$0000000F))

<P><STRONG><a name="[6b]"></a>__rt_lib_shutdown_return</STRONG> (Thumb, 0 bytes, Stack size unknown bytes, libshutdown2.o(.ARM.Collect$$libshutdown$$00000010))

<P><STRONG><a name="[6c]"></a>__rt_lib_shutdown_signal_1</STRONG> (Thumb, 0 bytes, Stack size unknown bytes, libshutdown2.o(.ARM.Collect$$libshutdown$$0000000A))

<P><STRONG><a name="[6d]"></a>__rt_lib_shutdown_stdio_1</STRONG> (Thumb, 0 bytes, Stack size unknown bytes, libshutdown2.o(.ARM.Collect$$libshutdown$$00000004))

<P><STRONG><a name="[6e]"></a>__rt_lib_shutdown_user_alloc_1</STRONG> (Thumb, 0 bytes, Stack size unknown bytes, libshutdown2.o(.ARM.Collect$$libshutdown$$0000000C))

<P><STRONG><a name="[34]"></a>__rt_entry</STRONG> (Thumb, 0 bytes, Stack size unknown bytes, __rtentry.o(.ARM.Collect$$rtentry$$00000000))
<BR><BR>[Called By]<UL><LI><a href="#[32]">&gt;&gt;</a>&nbsp;&nbsp;&nbsp;__main
<LI><a href="#[35]">&gt;&gt;</a>&nbsp;&nbsp;&nbsp;__scatterload_rt2
</UL>

<P><STRONG><a name="[6f]"></a>__rt_entry_presh_1</STRONG> (Thumb, 0 bytes, Stack size unknown bytes, __rtentry2.o(.ARM.Collect$$rtentry$$00000002))

<P><STRONG><a name="[70]"></a>__rt_entry_sh</STRONG> (Thumb, 0 bytes, Stack size unknown bytes, __rtentry7.o(.ARM.Collect$$rtentry$$00000007))

<P><STRONG><a name="[39]"></a>__rt_entry_li</STRONG> (Thumb, 0 bytes, Stack size unknown bytes, __rtentry2.o(.ARM.Collect$$rtentry$$0000000A))
<BR><BR>[Calls]<UL><LI><a href="#[3a]">&gt;&gt;</a>&nbsp;&nbsp;&nbsp;__rt_lib_init
</UL>

<P><STRONG><a name="[71]"></a>__rt_entry_postsh_1</STRONG> (Thumb, 0 bytes, Stack size unknown bytes, __rtentry2.o(.ARM.Collect$$rtentry$$00000009))

<P><STRONG><a name="[3b]"></a>__rt_entry_main</STRONG> (Thumb, 0 bytes, Stack size unknown bytes, __rtentry2.o(.ARM.Collect$$rtentry$$0000000D))
<BR><BR>[Stack]<UL><LI>Max Depth = 176 + Unknown Stack Size
<LI>Call Chain = __rt_entry_main &rArr; main &rArr; arm_cfft_radix4_f32 &rArr; arm_radix4_butterfly_inverse_f32
</UL>
<BR>[Calls]<UL><LI><a href="#[3c]">&gt;&gt;</a>&nbsp;&nbsp;&nbsp;main
<LI><a href="#[3d]">&gt;&gt;</a>&nbsp;&nbsp;&nbsp;exit
</UL>

<P><STRONG><a name="[72]"></a>__rt_entry_postli_1</STRONG> (Thumb, 0 bytes, Stack size unknown bytes, __rtentry2.o(.ARM.Collect$$rtentry$$0000000C))

<P><STRONG><a name="[42]"></a>__rt_exit</STRONG> (Thumb, 0 bytes, Stack size unknown bytes, rtexit.o(.ARM.Collect$$rtexit$$00000000))
<BR><BR>[Called By]<UL><LI><a href="#[3d]">&gt;&gt;</a>&nbsp;&nbsp;&nbsp;exit
</UL>

<P><STRONG><a name="[3e]"></a>__rt_exit_ls</STRONG> (Thumb, 0 bytes, Stack size unknown bytes, rtexit2.o(.ARM.Collect$$rtexit$$00000003))
<BR><BR>[Calls]<UL><LI><a href="#[3f]">&gt;&gt;</a>&nbsp;&nbsp;&nbsp;__rt_lib_shutdown
</UL>

<P><STRONG><a name="[73]"></a>__rt_exit_prels_1</STRONG> (Thumb, 0 bytes, Stack size unknown bytes, rtexit2.o(.ARM.Collect$$rtexit$$00000002))

<P><STRONG><a name="[40]"></a>__rt_exit_exit</STRONG> (Thumb, 0 bytes, Stack size unknown bytes, rtexit2.o(.ARM.Collect$$rtexit$$00000004))
<BR><BR>[Calls]<UL><LI><a href="#[41]">&gt;&gt;</a>&nbsp;&nbsp;&nbsp;_sys_exit
</UL>

<P><STRONG><a name="[4f]"></a>__aeabi_memcpy4</STRONG> (Thumb, 0 bytes, Stack size 8 bytes, rt_memcpy_w.o(.text))
<BR><BR>[Stack]<UL><LI>Max Depth = 8<LI>Call Chain = __aeabi_memcpy4
</UL>
<BR>[Called By]<UL><LI><a href="#[3c]">&gt;&gt;</a>&nbsp;&nbsp;&nbsp;main
</UL>

<P><STRONG><a name="[74]"></a>__aeabi_memcpy8</STRONG> (Thumb, 0 bytes, Stack size 8 bytes, rt_memcpy_w.o(.text), UNUSED)

<P><STRONG><a name="[75]"></a>__rt_memcpy_w</STRONG> (Thumb, 100 bytes, Stack size 8 bytes, rt_memcpy_w.o(.text), UNUSED)

<P><STRONG><a name="[76]"></a>_memcpy_lastbytes_aligned</STRONG> (Thumb, 0 bytes, Stack size unknown bytes, rt_memcpy_w.o(.text), UNUSED)

<P><STRONG><a name="[49]"></a>__aeabi_memclr4</STRONG> (Thumb, 0 bytes, Stack size 4 bytes, rt_memclr_w.o(.text))
<BR><BR>[Stack]<UL><LI>Max Depth = 4<LI>Call Chain = __aeabi_memclr4
</UL>
<BR>[Called By]<UL><LI><a href="#[3c]">&gt;&gt;</a>&nbsp;&nbsp;&nbsp;main
<LI><a href="#[48]">&gt;&gt;</a>&nbsp;&nbsp;&nbsp;arm_fir_init_f32
</UL>

<P><STRONG><a name="[77]"></a>__aeabi_memclr8</STRONG> (Thumb, 0 bytes, Stack size 4 bytes, rt_memclr_w.o(.text), UNUSED)

<P><STRONG><a name="[78]"></a>__rt_memclr_w</STRONG> (Thumb, 78 bytes, Stack size 4 bytes, rt_memclr_w.o(.text), UNUSED)

<P><STRONG><a name="[79]"></a>_memset_w</STRONG> (Thumb, 0 bytes, Stack size unknown bytes, rt_memclr_w.o(.text), UNUSED)

<P><STRONG><a name="[3d]"></a>exit</STRONG> (Thumb, 18 bytes, Stack size 8 bytes, exit.o(.text))
<BR><BR>[Stack]<UL><LI>Max Depth = 8 + Unknown Stack Size
<LI>Call Chain = exit
</UL>
<BR>[Calls]<UL><LI><a href="#[42]">&gt;&gt;</a>&nbsp;&nbsp;&nbsp;__rt_exit
</UL>
<BR>[Called By]<UL><LI><a href="#[3b]">&gt;&gt;</a>&nbsp;&nbsp;&nbsp;__rt_entry_main
</UL>

<P><STRONG><a name="[41]"></a>_sys_exit</STRONG> (Thumb, 8 bytes, Stack size 0 bytes, sys_exit.o(.text))
<BR><BR>[Called By]<UL><LI><a href="#[40]">&gt;&gt;</a>&nbsp;&nbsp;&nbsp;__rt_exit_exit
</UL>

<P><STRONG><a name="[7a]"></a>__I$use$semihosting</STRONG> (Thumb, 0 bytes, Stack size 0 bytes, use_no_semi.o(.text), UNUSED)

<P><STRONG><a name="[7b]"></a>__use_no_semihosting_swi</STRONG> (Thumb, 2 bytes, Stack size 0 bytes, use_no_semi.o(.text), UNUSED)

<P><STRONG><a name="[7c]"></a>__semihosting_library_function</STRONG> (Thumb, 0 bytes, Stack size unknown bytes, indicate_semi.o(.text), UNUSED)

<P><STRONG><a name="[2a]"></a>ARM_VSI0_Handler</STRONG> (Thumb, 2 bytes, Stack size 0 bytes, startup_cmsdk_cm7.o(.text.Default_Handler))
<BR><BR>[Calls]<UL><LI><a href="#[2a]">&gt;&gt;</a>&nbsp;&nbsp;&nbsp;ARM_VSI0_Handler
</UL>
<BR>[Called By]<UL><LI><a href="#[2a]">&gt;&gt;</a>&nbsp;&nbsp;&nbsp;ARM_VSI0_Handler
</UL>
<BR>[Address Reference Count : 1]<UL><LI> startup_cmsdk_cm7.o(RESET)
</UL>
<P><STRONG><a name="[2b]"></a>ARM_VSI1_Handler</STRONG> (Thumb, 2 bytes, Stack size 0 bytes, startup_cmsdk_cm7.o(.text.Default_Handler))
<BR>[Address Reference Count : 1]<UL><LI> startup_cmsdk_cm7.o(RESET)
</UL>
<P><STRONG><a name="[2c]"></a>ARM_VSI2_Handler</STRONG> (Thumb, 2 bytes, Stack size 0 bytes, startup_cmsdk_cm7.o(.text.Default_Handler))
<BR>[Address Reference Count : 1]<UL><LI> startup_cmsdk_cm7.o(RESET)
</UL>
<P><STRONG><a name="[2d]"></a>ARM_VSI3_Handler</STRONG> (Thumb, 2 bytes, Stack size 0 bytes, startup_cmsdk_cm7.o(.text.Default_Handler))
<BR>[Address Reference Count : 1]<UL><LI> startup_cmsdk_cm7.o(RESET)
</UL>
<P><STRONG><a name="[2e]"></a>ARM_VSI4_Handler</STRONG> (Thumb, 2 bytes, Stack size 0 bytes, startup_cmsdk_cm7.o(.text.Default_Handler))
<BR>[Address Reference Count : 1]<UL><LI> startup_cmsdk_cm7.o(RESET)
</UL>
<P><STRONG><a name="[2f]"></a>ARM_VSI5_Handler</STRONG> (Thumb, 2 bytes, Stack size 0 bytes, startup_cmsdk_cm7.o(.text.Default_Handler))
<BR>[Address Reference Count : 1]<UL><LI> startup_cmsdk_cm7.o(RESET)
</UL>
<P><STRONG><a name="[30]"></a>ARM_VSI6_Handler</STRONG> (Thumb, 2 bytes, Stack size 0 bytes, startup_cmsdk_cm7.o(.text.Default_Handler))
<BR>[Address Reference Count : 1]<UL><LI> startup_cmsdk_cm7.o(RESET)
</UL>
<P><STRONG><a name="[31]"></a>ARM_VSI7_Handler</STRONG> (Thumb, 2 bytes, Stack size 0 bytes, startup_cmsdk_cm7.o(.text.Default_Handler))
<BR>[Address Reference Count : 1]<UL><LI> startup_cmsdk_cm7.o(RESET)
</UL>
<P><STRONG><a name="[4]"></a>BusFault_Handler</STRONG> (Thumb, 2 bytes, Stack size 0 bytes, startup_cmsdk_cm7.o(.text.Default_Handler))
<BR>[Address Reference Count : 1]<UL><LI> startup_cmsdk_cm7.o(RESET)
</UL>
<P><STRONG><a name="[14]"></a>DUALTIMER_Handler</STRONG> (Thumb, 2 bytes, Stack size 0 bytes, startup_cmsdk_cm7.o(.text.Default_Handler))
<BR>[Address Reference Count : 1]<UL><LI> startup_cmsdk_cm7.o(RESET)
</UL>
<P><STRONG><a name="[7]"></a>DebugMon_Handler</STRONG> (Thumb, 2 bytes, Stack size 0 bytes, startup_cmsdk_cm7.o(.text.Default_Handler))
<BR>[Address Reference Count : 1]<UL><LI> startup_cmsdk_cm7.o(RESET)
</UL>
<P><STRONG><a name="[7d]"></a>Default_Handler</STRONG> (Thumb, 2 bytes, Stack size 0 bytes, startup_cmsdk_cm7.o(.text.Default_Handler), UNUSED)

<P><STRONG><a name="[17]"></a>ETHERNET_Handler</STRONG> (Thumb, 2 bytes, Stack size 0 bytes, startup_cmsdk_cm7.o(.text.Default_Handler))
<BR>[Address Reference Count : 1]<UL><LI> startup_cmsdk_cm7.o(RESET)
</UL>
<P><STRONG><a name="[10]"></a>GPIO0ALL_Handler</STRONG> (Thumb, 2 bytes, Stack size 0 bytes, startup_cmsdk_cm7.o(.text.Default_Handler))
<BR>[Address Reference Count : 1]<UL><LI> startup_cmsdk_cm7.o(RESET)
</UL>
<P><STRONG><a name="[22]"></a>GPIO0_0_Handler</STRONG> (Thumb, 2 bytes, Stack size 0 bytes, startup_cmsdk_cm7.o(.text.Default_Handler))
<BR>[Address Reference Count : 1]<UL><LI> startup_cmsdk_cm7.o(RESET)
</UL>
<P><STRONG><a name="[23]"></a>GPIO0_1_Handler</STRONG> (Thumb, 2 bytes, Stack size 0 bytes, startup_cmsdk_cm7.o(.text.Default_Handler))
<BR>[Address Reference Count : 1]<UL><LI> startup_cmsdk_cm7.o(RESET)
</UL>
<P><STRONG><a name="[24]"></a>GPIO0_2_Handler</STRONG> (Thumb, 2 bytes, Stack size 0 bytes, startup_cmsdk_cm7.o(.text.Default_Handler))
<BR>[Address Reference Count : 1]<UL><LI> startup_cmsdk_cm7.o(RESET)
</UL>
<P><STRONG><a name="[25]"></a>GPIO0_3_Handler</STRONG> (Thumb, 2 bytes, Stack size 0 bytes, startup_cmsdk_cm7.o(.text.Default_Handler))
<BR>[Address Reference Count : 1]<UL><LI> startup_cmsdk_cm7.o(RESET)
</UL>
<P><STRONG><a name="[26]"></a>GPIO0_4_Handler</STRONG> (Thumb, 2 bytes, Stack size 0 bytes, startup_cmsdk_cm7.o(.text.Default_Handler))
<BR>[Address Reference Count : 1]<UL><LI> startup_cmsdk_cm7.o(RESET)
</UL>
<P><STRONG><a name="[27]"></a>GPIO0_5_Handler</STRONG> (Thumb, 2 bytes, Stack size 0 bytes, startup_cmsdk_cm7.o(.text.Default_Handler))
<BR>[Address Reference Count : 1]<UL><LI> startup_cmsdk_cm7.o(RESET)
</UL>
<P><STRONG><a name="[28]"></a>GPIO0_6_Handler</STRONG> (Thumb, 2 bytes, Stack size 0 bytes, startup_cmsdk_cm7.o(.text.Default_Handler))
<BR>[Address Reference Count : 1]<UL><LI> startup_cmsdk_cm7.o(RESET)
</UL>
<P><STRONG><a name="[29]"></a>GPIO0_7_Handler</STRONG> (Thumb, 2 bytes, Stack size 0 bytes, startup_cmsdk_cm7.o(.text.Default_Handler))
<BR>[Address Reference Count : 1]<UL><LI> startup_cmsdk_cm7.o(RESET)
</UL>
<P><STRONG><a name="[11]"></a>GPIO1ALL_Handler</STRONG> (Thumb, 2 bytes, Stack size 0 bytes, startup_cmsdk_cm7.o(.text.Default_Handler))
<BR>[Address Reference Count : 1]<UL><LI> startup_cmsdk_cm7.o(RESET)
</UL>
<P><STRONG><a name="[1a]"></a>GPIO2_Handler</STRONG> (Thumb, 2 bytes, Stack size 0 bytes, startup_cmsdk_cm7.o(.text.Default_Handler))
<BR>[Address Reference Count : 1]<UL><LI> startup_cmsdk_cm7.o(RESET)
</UL>
<P><STRONG><a name="[1b]"></a>GPIO3_Handler</STRONG> (Thumb, 2 bytes, Stack size 0 bytes, startup_cmsdk_cm7.o(.text.Default_Handler))
<BR>[Address Reference Count : 1]<UL><LI> startup_cmsdk_cm7.o(RESET)
</UL>
<P><STRONG><a name="[18]"></a>I2S_Handler</STRONG> (Thumb, 2 bytes, Stack size 0 bytes, startup_cmsdk_cm7.o(.text.Default_Handler))
<BR>[Address Reference Count : 1]<UL><LI> startup_cmsdk_cm7.o(RESET)
</UL>
<P><STRONG><a name="[3]"></a>MemManage_Handler</STRONG> (Thumb, 2 bytes, Stack size 0 bytes, startup_cmsdk_cm7.o(.text.Default_Handler))
<BR>[Address Reference Count : 1]<UL><LI> startup_cmsdk_cm7.o(RESET)
</UL>
<P><STRONG><a name="[1]"></a>NMI_Handler</STRONG> (Thumb, 2 bytes, Stack size 0 bytes, startup_cmsdk_cm7.o(.text.Default_Handler))
<BR>[Address Reference Count : 1]<UL><LI> startup_cmsdk_cm7.o(RESET)
</UL>
<P><STRONG><a name="[8]"></a>PendSV_Handler</STRONG> (Thumb, 2 bytes, Stack size 0 bytes, startup_cmsdk_cm7.o(.text.Default_Handler))
<BR>[Address Reference Count : 1]<UL><LI> startup_cmsdk_cm7.o(RESET)
</UL>
<P><STRONG><a name="[15]"></a>SPI_0_1_Handler</STRONG> (Thumb, 2 bytes, Stack size 0 bytes, startup_cmsdk_cm7.o(.text.Default_Handler))
<BR>[Address Reference Count : 1]<UL><LI> startup_cmsdk_cm7.o(RESET)
</UL>
<P><STRONG><a name="[20]"></a>SPI_2_Handler</STRONG> (Thumb, 2 bytes, Stack size 0 bytes, startup_cmsdk_cm7.o(.text.Default_Handler))
<BR>[Address Reference Count : 1]<UL><LI> startup_cmsdk_cm7.o(RESET)
</UL>
<P><STRONG><a name="[21]"></a>SPI_3_4_Handler</STRONG> (Thumb, 2 bytes, Stack size 0 bytes, startup_cmsdk_cm7.o(.text.Default_Handler))
<BR>[Address Reference Count : 1]<UL><LI> startup_cmsdk_cm7.o(RESET)
</UL>
<P><STRONG><a name="[6]"></a>SVC_Handler</STRONG> (Thumb, 2 bytes, Stack size 0 bytes, startup_cmsdk_cm7.o(.text.Default_Handler))
<BR>[Address Reference Count : 1]<UL><LI> startup_cmsdk_cm7.o(RESET)
</UL>
<P><STRONG><a name="[9]"></a>SysTick_Handler</STRONG> (Thumb, 2 bytes, Stack size 0 bytes, startup_cmsdk_cm7.o(.text.Default_Handler))
<BR>[Address Reference Count : 1]<UL><LI> startup_cmsdk_cm7.o(RESET)
</UL>
<P><STRONG><a name="[12]"></a>TIMER0_Handler</STRONG> (Thumb, 2 bytes, Stack size 0 bytes, startup_cmsdk_cm7.o(.text.Default_Handler))
<BR>[Address Reference Count : 1]<UL><LI> startup_cmsdk_cm7.o(RESET)
</UL>
<P><STRONG><a name="[13]"></a>TIMER1_Handler</STRONG> (Thumb, 2 bytes, Stack size 0 bytes, startup_cmsdk_cm7.o(.text.Default_Handler))
<BR>[Address Reference Count : 1]<UL><LI> startup_cmsdk_cm7.o(RESET)
</UL>
<P><STRONG><a name="[19]"></a>TOUCHSCREEN_Handler</STRONG> (Thumb, 2 bytes, Stack size 0 bytes, startup_cmsdk_cm7.o(.text.Default_Handler))
<BR>[Address Reference Count : 1]<UL><LI> startup_cmsdk_cm7.o(RESET)
</UL>
<P><STRONG><a name="[a]"></a>UART0RX_Handler</STRONG> (Thumb, 2 bytes, Stack size 0 bytes, startup_cmsdk_cm7.o(.text.Default_Handler))
<BR>[Address Reference Count : 1]<UL><LI> startup_cmsdk_cm7.o(RESET)
</UL>
<P><STRONG><a name="[b]"></a>UART0TX_Handler</STRONG> (Thumb, 2 bytes, Stack size 0 bytes, startup_cmsdk_cm7.o(.text.Default_Handler))
<BR>[Address Reference Count : 1]<UL><LI> startup_cmsdk_cm7.o(RESET)
</UL>
<P><STRONG><a name="[c]"></a>UART1RX_Handler</STRONG> (Thumb, 2 bytes, Stack size 0 bytes, startup_cmsdk_cm7.o(.text.Default_Handler))
<BR>[Address Reference Count : 1]<UL><LI> startup_cmsdk_cm7.o(RESET)
</UL>
<P><STRONG><a name="[d]"></a>UART1TX_Handler</STRONG> (Thumb, 2 bytes, Stack size 0 bytes, startup_cmsdk_cm7.o(.text.Default_Handler))
<BR>[Address Reference Count : 1]<UL><LI> startup_cmsdk_cm7.o(RESET)
</UL>
<P><STRONG><a name="[e]"></a>UART2RX_Handler</STRONG> (Thumb, 2 bytes, Stack size 0 bytes, startup_cmsdk_cm7.o(.text.Default_Handler))
<BR>[Address Reference Count : 1]<UL><LI> startup_cmsdk_cm7.o(RESET)
</UL>
<P><STRONG><a name="[f]"></a>UART2TX_Handler</STRONG> (Thumb, 2 bytes, Stack size 0 bytes, startup_cmsdk_cm7.o(.text.Default_Handler))
<BR>[Address Reference Count : 1]<UL><LI> startup_cmsdk_cm7.o(RESET)
</UL>
<P><STRONG><a name="[1c]"></a>UART3RX_Handler</STRONG> (Thumb, 2 bytes, Stack size 0 bytes, startup_cmsdk_cm7.o(.text.Default_Handler))
<BR>[Address Reference Count : 1]<UL><LI> startup_cmsdk_cm7.o(RESET)
</UL>
<P><STRONG><a name="[1d]"></a>UART3TX_Handler</STRONG> (Thumb, 2 bytes, Stack size 0 bytes, startup_cmsdk_cm7.o(.text.Default_Handler))
<BR>[Address Reference Count : 1]<UL><LI> startup_cmsdk_cm7.o(RESET)
</UL>
<P><STRONG><a name="[1e]"></a>UART4RX_Handler</STRONG> (Thumb, 2 bytes, Stack size 0 bytes, startup_cmsdk_cm7.o(.text.Default_Handler))
<BR>[Address Reference Count : 1]<UL><LI> startup_cmsdk_cm7.o(RESET)
</UL>
<P><STRONG><a name="[1f]"></a>UART4TX_Handler</STRONG> (Thumb, 2 bytes, Stack size 0 bytes, startup_cmsdk_cm7.o(.text.Default_Handler))
<BR>[Address Reference Count : 1]<UL><LI> startup_cmsdk_cm7.o(RESET)
</UL>
<P><STRONG><a name="[16]"></a>UART_0_1_2_OVF_Handler</STRONG> (Thumb, 2 bytes, Stack size 0 bytes, startup_cmsdk_cm7.o(.text.Default_Handler))
<BR>[Address Reference Count : 1]<UL><LI> startup_cmsdk_cm7.o(RESET)
</UL>
<P><STRONG><a name="[5]"></a>UsageFault_Handler</STRONG> (Thumb, 2 bytes, Stack size 0 bytes, startup_cmsdk_cm7.o(.text.Default_Handler))
<BR>[Address Reference Count : 1]<UL><LI> startup_cmsdk_cm7.o(RESET)
</UL>
<P><STRONG><a name="[2]"></a>HardFault_Handler</STRONG> (Thumb, 2 bytes, Stack size 0 bytes, startup_cmsdk_cm7.o(.text.HardFault_Handler))
<BR><BR>[Calls]<UL><LI><a href="#[2]">&gt;&gt;</a>&nbsp;&nbsp;&nbsp;HardFault_Handler
</UL>
<BR>[Called By]<UL><LI><a href="#[2]">&gt;&gt;</a>&nbsp;&nbsp;&nbsp;HardFault_Handler
</UL>
<BR>[Address Reference Count : 1]<UL><LI> startup_cmsdk_cm7.o(RESET)
</UL>
<P><STRONG><a name="[4b]"></a>LED_Initialize</STRONG> (Thumb, 16 bytes, Stack size 0 bytes, led_v2m-mps2.o(.text.LED_Initialize))
<BR><BR>[Called By]<UL><LI><a href="#[3c]">&gt;&gt;</a>&nbsp;&nbsp;&nbsp;main
</UL>

<P><STRONG><a name="[4c]"></a>LED_On</STRONG> (Thumb, 28 bytes, Stack size 0 bytes, led_v2m-mps2.o(.text.LED_On))
<BR><BR>[Called By]<UL><LI><a href="#[3c]">&gt;&gt;</a>&nbsp;&nbsp;&nbsp;main
</UL>

<P><STRONG><a name="[0]"></a>Reset_Handler</STRONG> (Thumb, 8 bytes, Stack size 0 bytes, startup_cmsdk_cm7.o(.text.Reset_Handler))
<BR><BR>[Calls]<UL><LI><a href="#[32]">&gt;&gt;</a>&nbsp;&nbsp;&nbsp;__main
<LI><a href="#[43]">&gt;&gt;</a>&nbsp;&nbsp;&nbsp;SystemInit
</UL>
<BR>[Address Reference Count : 1]<UL><LI> startup_cmsdk_cm7.o(RESET)
</UL>
<P><STRONG><a name="[43]"></a>SystemInit</STRONG> (Thumb, 48 bytes, Stack size 0 bytes, system_cmsdk_cm7.o(.text.SystemInit))
<BR><BR>[Called By]<UL><LI><a href="#[0]">&gt;&gt;</a>&nbsp;&nbsp;&nbsp;Reset_Handler
</UL>

<P><STRONG><a name="[47]"></a>arm_bitreversal_f32</STRONG> (Thumb, 174 bytes, Stack size 36 bytes, transformfunctions.o(.text.arm_bitreversal_f32))
<BR><BR>[Stack]<UL><LI>Max Depth = 36<LI>Call Chain = arm_bitreversal_f32
</UL>
<BR>[Called By]<UL><LI><a href="#[44]">&gt;&gt;</a>&nbsp;&nbsp;&nbsp;arm_cfft_radix4_f32
</UL>

<P><STRONG><a name="[44]"></a>arm_cfft_radix4_f32</STRONG> (Thumb, 62 bytes, Stack size 16 bytes, transformfunctions.o(.text.arm_cfft_radix4_f32))
<BR><BR>[Stack]<UL><LI>Max Depth = 80<LI>Call Chain = arm_cfft_radix4_f32 &rArr; arm_radix4_butterfly_inverse_f32
</UL>
<BR>[Calls]<UL><LI><a href="#[45]">&gt;&gt;</a>&nbsp;&nbsp;&nbsp;arm_radix4_butterfly_inverse_f32
<LI><a href="#[46]">&gt;&gt;</a>&nbsp;&nbsp;&nbsp;arm_radix4_butterfly_f32
<LI><a href="#[47]">&gt;&gt;</a>&nbsp;&nbsp;&nbsp;arm_bitreversal_f32
</UL>
<BR>[Called By]<UL><LI><a href="#[3c]">&gt;&gt;</a>&nbsp;&nbsp;&nbsp;main
</UL>

<P><STRONG><a name="[4a]"></a>arm_cfft_radix4_init_f32</STRONG> (Thumb, 148 bytes, Stack size 0 bytes, transformfunctions.o(.text.arm_cfft_radix4_init_f32))
<BR><BR>[Called By]<UL><LI><a href="#[3c]">&gt;&gt;</a>&nbsp;&nbsp;&nbsp;main
</UL>

<P><STRONG><a name="[4e]"></a>arm_cos_f32</STRONG> (Thumb, 144 bytes, Stack size 0 bytes, fastmathfunctions.o(.text.arm_cos_f32))
<BR><BR>[Called By]<UL><LI><a href="#[3c]">&gt;&gt;</a>&nbsp;&nbsp;&nbsp;main
</UL>

<P><STRONG><a name="[50]"></a>arm_fir_f32</STRONG> (Thumb, 156 bytes, Stack size 32 bytes, filteringfunctions.o(.text.arm_fir_f32))
<BR><BR>[Stack]<UL><LI>Max Depth = 32<LI>Call Chain = arm_fir_f32
</UL>
<BR>[Called By]<UL><LI><a href="#[3c]">&gt;&gt;</a>&nbsp;&nbsp;&nbsp;main
</UL>

<P><STRONG><a name="[48]"></a>arm_fir_init_f32</STRONG> (Thumb, 36 bytes, Stack size 16 bytes, filteringfunctions.o(.text.arm_fir_init_f32))
<BR><BR>[Stack]<UL><LI>Max Depth = 20<LI>Call Chain = arm_fir_init_f32 &rArr; __aeabi_memclr4
</UL>
<BR>[Calls]<UL><LI><a href="#[49]">&gt;&gt;</a>&nbsp;&nbsp;&nbsp;__aeabi_memclr4
</UL>
<BR>[Called By]<UL><LI><a href="#[3c]">&gt;&gt;</a>&nbsp;&nbsp;&nbsp;main
</UL>

<P><STRONG><a name="[46]"></a>arm_radix4_butterfly_f32</STRONG> (Thumb, 406 bytes, Stack size 64 bytes, transformfunctions.o(.text.arm_radix4_butterfly_f32))
<BR><BR>[Stack]<UL><LI>Max Depth = 64<LI>Call Chain = arm_radix4_butterfly_f32
</UL>
<BR>[Called By]<UL><LI><a href="#[44]">&gt;&gt;</a>&nbsp;&nbsp;&nbsp;arm_cfft_radix4_f32
</UL>

<P><STRONG><a name="[45]"></a>arm_radix4_butterfly_inverse_f32</STRONG> (Thumb, 622 bytes, Stack size 64 bytes, transformfunctions.o(.text.arm_radix4_butterfly_inverse_f32))
<BR><BR>[Stack]<UL><LI>Max Depth = 64<LI>Call Chain = arm_radix4_butterfly_inverse_f32
</UL>
<BR>[Called By]<UL><LI><a href="#[44]">&gt;&gt;</a>&nbsp;&nbsp;&nbsp;arm_cfft_radix4_f32
</UL>

<P><STRONG><a name="[4d]"></a>arm_sin_f32</STRONG> (Thumb, 140 bytes, Stack size 0 bytes, fastmathfunctions.o(.text.arm_sin_f32))
<BR><BR>[Called By]<UL><LI><a href="#[3c]">&gt;&gt;</a>&nbsp;&nbsp;&nbsp;main
</UL>

<P><STRONG><a name="[3c]"></a>main</STRONG> (Thumb, 504 bytes, Stack size 96 bytes, main.o(.text.main))
<BR><BR>[Stack]<UL><LI>Max Depth = 176<LI>Call Chain = main &rArr; arm_cfft_radix4_f32 &rArr; arm_radix4_butterfly_inverse_f32
</UL>
<BR>[Calls]<UL><LI><a href="#[4d]">&gt;&gt;</a>&nbsp;&nbsp;&nbsp;arm_sin_f32
<LI><a href="#[48]">&gt;&gt;</a>&nbsp;&nbsp;&nbsp;arm_fir_init_f32
<LI><a href="#[50]">&gt;&gt;</a>&nbsp;&nbsp;&nbsp;arm_fir_f32
<LI><a href="#[4e]">&gt;&gt;</a>&nbsp;&nbsp;&nbsp;arm_cos_f32
<LI><a href="#[4a]">&gt;&gt;</a>&nbsp;&nbsp;&nbsp;arm_cfft_radix4_init_f32
<LI><a href="#[44]">&gt;&gt;</a>&nbsp;&nbsp;&nbsp;arm_cfft_radix4_f32
<LI><a href="#[4c]">&gt;&gt;</a>&nbsp;&nbsp;&nbsp;LED_On
<LI><a href="#[4b]">&gt;&gt;</a>&nbsp;&nbsp;&nbsp;LED_Initialize
<LI><a href="#[49]">&gt;&gt;</a>&nbsp;&nbsp;&nbsp;__aeabi_memclr4
<LI><a href="#[4f]">&gt;&gt;</a>&nbsp;&nbsp;&nbsp;__aeabi_memcpy4
</UL>
<BR>[Called By]<UL><LI><a href="#[3b]">&gt;&gt;</a>&nbsp;&nbsp;&nbsp;__rt_entry_main
</UL>

<P><STRONG><a name="[38]"></a>_fp_init</STRONG> (Thumb, 26 bytes, Stack size 0 bytes, fpinit.o(x$fpl$fpinit))
<BR><BR>[Called By]<UL><LI><a href="#[37]">&gt;&gt;</a>&nbsp;&nbsp;&nbsp;__rt_lib_init_fp_1
</UL>

<P><STRONG><a name="[7e]"></a>__fplib_config_fpu_vfp</STRONG> (Thumb, 0 bytes, Stack size unknown bytes, fpinit.o(x$fpl$fpinit), UNUSED)

<P><STRONG><a name="[7f]"></a>__fplib_config_pureend_doubles</STRONG> (Thumb, 0 bytes, Stack size unknown bytes, fpinit.o(x$fpl$fpinit), UNUSED)
<P>
<H3>
Local Symbols
</H3><P>
<H3>
Undefined Global Symbols
</H3><HR></body></html>
