<html>
<body>
<pre>
<h1>µVision Build Log</h1>
<h2>Tool Versions:</h2>
IDE-Version: ¦ÌVision V5.32.0.0
Copyright (C) 2020 ARM Ltd and ARM Germany GmbH. All rights reserved.
License Information: 23 123, 23, LIC=R4HES-505AT-E1I4P-5YQD6-JWCZ1-LV2PV
 
Tool Versions:
Toolchain:       MDK-ARM Professional  Version: 5.32.0.0
Toolchain Path:  D:\Keil_v5\ARM\ARMCLANG\Bin
C Compiler:      ArmClang.exe V6.14.1
Assembler:       Armasm.exe V6.14.1
Linker/Locator:  ArmLink.exe V6.14.1
Library Manager: ArmAr.exe V6.14.1
Hex Converter:   FromElf.exe V6.14.1
CPU DLL:         SARMCM3.DLL V5.32.0.0
Dialog DLL:      DCM.DLL V1.17.3.0
Target DLL:      DbgFM.DLL V1.16.15.0
Dialog DLL:      TCM.DLL V1.46.0.0
 
<h2>Project:</h2>
F:\Develop_Projs\labs_projs\water_phone_proj\stm32_dsp_flow_test_proj\SIMU_TEST\Contex_M7_dsp_test\contex_m7_dsp_test.uvprojx
Project File Date:  05/20/2023

<h2>Output:</h2>
*** Using Compiler 'V6.14.1', folder: 'D:\Keil_v5\ARM\ARMCLANG\Bin'
Build target 'Target 1'
compiling system_CMSDK_CM7.c...
linking...
Program Size: Code=2938 RO-data=37926 RW-data=52 ZI-data=110080  
".\Objects\contex_m7_dsp_test.axf" - 0 Error(s), 0 Warning(s).

<h2>Software Packages used:</h2>

Package Vendor: ARM
                http://www.keil.com/pack/ARM.CMSIS.5.9.0.pack
                ARM.CMSIS.5.9.0
                CMSIS (Common Microcontroller Software Interface Standard)
   * Component: CORE Version: 5.6.0

Package Vendor: ARM
                https://www.keil.com/pack/ARM.CMSIS-DSP.1.14.4.pack
                ARM.CMSIS-DSP.1.14.4
                CMSIS Embedded Compute Library
   * Component: DSP Variant: Source Version: 1.14.4

Package Vendor: Keil
                https://www.keil.com/pack/Keil.MDK-Middleware.7.16.0.pack
                Keil.MDK-Middleware.7.16.0
                Middleware for Keil MDK-Professional and MDK-Plus
   * Component: LED Version: 1.0.0

Package Vendor: Keil
                http://www.keil.com/pack/Keil.V2M-MPS2_CMx_BSP.1.8.0.pack
                Keil.V2M-MPS2_CMx_BSP.1.8.0
                ARM V2M-MPS2 Board Support PACK for Cortex-M System Design Kit Devices
   * Component: Common Version: 2.0.0
   * Component: LED Version: 2.0.0
   * Component: Startup Variant: C Startup Version: 1.1.0

<h2>Collection of Component include folders:</h2>
  .\RTE\Device\CMSDK_CM7_DP_VHT
  .\RTE\_Target_1
  D:\Keil_v5\Packs\ARM\CMSIS-DSP\1.14.4\Include
  D:\Keil_v5\Packs\ARM\CMSIS-DSP\1.14.4\PrivateInclude
  D:\Keil_v5\Packs\ARM\CMSIS\5.9.0\CMSIS\Core\Include
  D:\Keil_v5\Packs\Keil\MDK-Middleware\7.16.0\Board
  D:\Keil_v5\Packs\Keil\V2M-MPS2_CMx_BSP\1.8.0\Boards\ARM\V2M-MPS2\Common
  D:\Keil_v5\Packs\Keil\V2M-MPS2_CMx_BSP\1.8.0\Device\CMSDK_CM7\Include
  D:\Keil_v5\Packs\Keil\V2M-MPS2_CMx_BSP\1.8.0\Device\VHT\Include

<h2>Collection of Component Files used:</h2>

   * Component: ::Board Support:LED:1.0.0 (API)
      Include file:  Board\Board_LED.h

   * Component: ARM::CMSIS:CORE:5.6.0

   * Component: ARM::CMSIS:DSP:Source:1.14.4
      Source file:   Source\SupportFunctions\SupportFunctions.c
      Source file:   Source\TransformFunctions\TransformFunctions.c
      Source file:   Source\BasicMathFunctions\BasicMathFunctions.c
      Source file:   Source\BayesFunctions\BayesFunctions.c
      Include file:  Include\arm_math.h
      Source file:   Source\DistanceFunctions\DistanceFunctions.c
      Source file:   Source\ComplexMathFunctions\ComplexMathFunctions.c
      Source file:   Source\StatisticsFunctions\StatisticsFunctions.c
      Include file:  Include\arm_const_structs.h
      Include file:  Include\arm_math_f16.h
      Include file:  Include\arm_common_tables.h
      Include file:  Include\arm_common_tables_f16.h
      Source file:   Source\QuaternionMathFunctions\QuaternionMathFunctions.c
      Source file:   Source\CommonTables\CommonTables.c
      Source file:   Source\FastMathFunctions\FastMathFunctions.c
      Source file:   Source\FilteringFunctions\FilteringFunctions.c
      Include file:  Include\arm_const_structs_f16.h
      Source file:   Source\ControllerFunctions\ControllerFunctions.c
      Source file:   Source\MatrixFunctions\MatrixFunctions.c
      Source file:   Source\SVMFunctions\SVMFunctions.c
      Source file:   Source\BayesFunctions\BayesFunctionsF16.c
      Source file:   Source\SVMFunctions\SVMFunctionsF16.c
      Source file:   Source\FilteringFunctions\FilteringFunctionsF16.c
      Source file:   Source\CommonTables\CommonTablesF16.c
      Source file:   Source\BasicMathFunctions\BasicMathFunctionsF16.c
      Source file:   Source\DistanceFunctions\DistanceFunctionsF16.c
      Source file:   Source\FastMathFunctions\FastMathFunctionsF16.c
      Source file:   Source\TransformFunctions\TransformFunctionsF16.c
      Source file:   Source\InterpolationFunctions\InterpolationFunctionsF16.c
      Source file:   Source\StatisticsFunctions\StatisticsFunctionsF16.c
      Source file:   Source\MatrixFunctions\MatrixFunctionsF16.c
      Source file:   Source\ComplexMathFunctions\ComplexMathFunctionsF16.c
      Source file:   Source\SupportFunctions\SupportFunctionsF16.c
      Source file:   Source\InterpolationFunctions\InterpolationFunctions.c

   * Component: Keil.V2M-MPS2::Board Support:Common:2.0.0
      Include file:  Boards\ARM\V2M-MPS2\Common\Device.h
      Include file:  Boards\ARM\V2M-MPS2\Common\SMM_MPS2.h

   * Component: Keil.V2M-MPS2::Board Support:LED:2.0.0
      Source file:   Boards\ARM\V2M-MPS2\Common\LED_V2M-MPS2.c

   * Component: Keil::Device:Startup:C Startup:1.1.0
      Source file:   Device\CMSDK_CM7\Source\system_CMSDK_CM7.c
      Source file:   Device\CMSDK_CM7\Source\startup_CMSDK_CM7.c
      Include file:  CMSIS\Config\RTE_Device.h
Build Time Elapsed:  00:00:00
</pre>
</body>
</html>
