<html>
<body>
<pre>
<h1>µVision Build Log</h1>
<h2>Tool Versions:</h2>
IDE-Version: ¦ÌVision V5.37.0.0
Copyright (C) 2022 ARM Ltd and ARM Germany GmbH. All rights reserved.
License Information: 23 123, 23, LIC=FYKYW-Q2R8I-Y8RFK-Z1JJS-28WH5-Z8FTZ
 
Tool Versions:
Toolchain:       MDK-ARM Plus  Version: 5.37.0.0
Toolchain Path:  D:\Keil_v5\ARM\ARN_Compiler_5.06u7\Bin
C Compiler:      Armcc.exe V5.06 update 7 (build 960)
Assembler:       Armasm.exe V5.06 update 7 (build 960)
Linker/Locator:  ArmLink.exe V5.06 update 7 (build 960)
Library Manager: ArmAr.exe V5.06 update 7 (build 960)
Hex Converter:   FromElf.exe V5.06 update 7 (build 960)
CPU DLL:         SARMCM3.DLL V5.37.0.0
Dialog DLL:      DCM.DLL V1.17.5.0
Target DLL:      UL2CM3.DLL V1.164.7.0
Dialog DLL:      TCM.DLL V1.56.1.0
 
<h2>Project:</h2>
F:\Develop_Projs\labs_projs\water_phone_proj\stm32_dsp_flow_test_proj\USER\DSP_FFT.uvproj
Project File Date:  05/19/2023

<h2>Output:</h2>
*** Using Compiler 'V5.06 update 7 (build 960)', folder: 'D:\Keil_v5\ARM\ARN_Compiler_5.06u7\Bin'
Build target 'DSP_FFT'
compiling main.c...
main.c(45): warning:  #550-D: variable "time"  was set but never used
  	float time;
main.c: 1 warning, 0 errors
linking...
Program Size: Code=13692 RO-data=37364 RW-data=60 ZI-data=116572  
FromELF: creating hex file...
"..\OBJ\DSP_FFT.axf" - 0 Error(s), 1 Warning(s).
Build Time Elapsed:  00:00:00
</pre>
</body>
</html>
